Component: ARM Compiler 5.06 update 7 (build 960) Tool: armlink [4d3601]

==============================================================================

Section Cross References

    startup_stm32f103xe.o(RESET) refers to startup_stm32f103xe.o(STACK) for __initial_sp
    startup_stm32f103xe.o(RESET) refers to startup_stm32f103xe.o(.text) for Reset_Handler
    startup_stm32f103xe.o(RESET) refers to stm32f1xx_it.o(i.NMI_Handler) for NMI_Handler
    startup_stm32f103xe.o(RESET) refers to stm32f1xx_it.o(i.HardFault_Handler) for HardFault_Handler
    startup_stm32f103xe.o(RESET) refers to stm32f1xx_it.o(i.MemManage_Handler) for MemManage_Handler
    startup_stm32f103xe.o(RESET) refers to stm32f1xx_it.o(i.BusFault_Handler) for BusFault_Handler
    startup_stm32f103xe.o(RESET) refers to stm32f1xx_it.o(i.UsageFault_Handler) for UsageFault_Handler
    startup_stm32f103xe.o(RESET) refers to stm32f1xx_it.o(i.SVC_Handler) for SVC_Handler
    startup_stm32f103xe.o(RESET) refers to stm32f1xx_it.o(i.DebugMon_Handler) for DebugMon_Handler
    startup_stm32f103xe.o(RESET) refers to stm32f1xx_it.o(i.PendSV_Handler) for PendSV_Handler
    startup_stm32f103xe.o(RESET) refers to stm32f1xx_it.o(i.SysTick_Handler) for SysTick_Handler
    startup_stm32f103xe.o(RESET) refers to stm32f1xx_it.o(i.TIM3_IRQHandler) for TIM3_IRQHandler
    startup_stm32f103xe.o(RESET) refers to stm32f1xx_it.o(i.USART1_IRQHandler) for USART1_IRQHandler
    startup_stm32f103xe.o(RESET) refers to stm32f1xx_it.o(i.USART3_IRQHandler) for USART3_IRQHandler
    startup_stm32f103xe.o(RESET) refers to stm32f1xx_it.o(i.TIM5_IRQHandler) for TIM5_IRQHandler
    startup_stm32f103xe.o(RESET) refers to stm32f1xx_it.o(i.TIM7_IRQHandler) for TIM7_IRQHandler
    startup_stm32f103xe.o(.text) refers to system_stm32f1xx.o(i.SystemInit) for SystemInit
    startup_stm32f103xe.o(.text) refers to entry.o(.ARM.Collect$$$$00000000) for __main
    main.o(i.SystemClock_Config) refers to memseta.o(.text) for __aeabi_memclr4
    main.o(i.SystemClock_Config) refers to stm32f1xx_hal_rcc.o(i.HAL_RCC_OscConfig) for HAL_RCC_OscConfig
    main.o(i.SystemClock_Config) refers to main.o(i.Error_Handler) for Error_Handler
    main.o(i.SystemClock_Config) refers to stm32f1xx_hal_rcc.o(i.HAL_RCC_ClockConfig) for HAL_RCC_ClockConfig
    main.o(i.main) refers to stm32f1xx_hal.o(i.HAL_Init) for HAL_Init
    main.o(i.main) refers to main.o(i.SystemClock_Config) for SystemClock_Config
    main.o(i.main) refers to gpio.o(i.MX_GPIO_Init) for MX_GPIO_Init
    main.o(i.main) refers to tim.o(i.MX_TIM1_Init) for MX_TIM1_Init
    main.o(i.main) refers to tim.o(i.MX_TIM2_Init) for MX_TIM2_Init
    main.o(i.main) refers to tim.o(i.MX_TIM3_Init) for MX_TIM3_Init
    main.o(i.main) refers to tim.o(i.MX_TIM5_Init) for MX_TIM5_Init
    main.o(i.main) refers to tim.o(i.MX_TIM7_Init) for MX_TIM7_Init
    main.o(i.main) refers to tim.o(i.MX_TIM8_Init) for MX_TIM8_Init
    main.o(i.main) refers to usart.o(i.MX_USART1_UART_Init) for MX_USART1_UART_Init
    main.o(i.main) refers to usart.o(i.MX_USART3_UART_Init) for MX_USART3_UART_Init
    main.o(i.main) refers to usart.o(i.Usart_init) for Usart_init
    main.o(i.main) refers to motor.o(i.Motor_init) for Motor_init
    main.o(i.main) refers to engine.o(i.Engine_init) for Engine_init
    main.o(i.main) refers to stepper.o(i.Stepper_init) for Stepper_init
    main.o(i.main) refers to ps2.o(i.PS2_Control) for PS2_Control
    gpio.o(i.MX_GPIO_Init) refers to stm32f1xx_hal_gpio.o(i.HAL_GPIO_WritePin) for HAL_GPIO_WritePin
    gpio.o(i.MX_GPIO_Init) refers to stm32f1xx_hal_gpio.o(i.HAL_GPIO_Init) for HAL_GPIO_Init
    tim.o(i.HAL_TIM_Base_MspDeInit) refers to stm32f1xx_hal_cortex.o(i.HAL_NVIC_DisableIRQ) for HAL_NVIC_DisableIRQ
    tim.o(i.HAL_TIM_Base_MspInit) refers to stm32f1xx_hal_cortex.o(i.HAL_NVIC_SetPriority) for HAL_NVIC_SetPriority
    tim.o(i.HAL_TIM_Base_MspInit) refers to stm32f1xx_hal_cortex.o(i.HAL_NVIC_EnableIRQ) for HAL_NVIC_EnableIRQ
    tim.o(i.HAL_TIM_Encoder_MspDeInit) refers to stm32f1xx_hal_gpio.o(i.HAL_GPIO_DeInit) for HAL_GPIO_DeInit
    tim.o(i.HAL_TIM_Encoder_MspDeInit) refers to stm32f1xx_hal_cortex.o(i.HAL_NVIC_DisableIRQ) for HAL_NVIC_DisableIRQ
    tim.o(i.HAL_TIM_Encoder_MspInit) refers to stm32f1xx_hal_gpio.o(i.HAL_GPIO_Init) for HAL_GPIO_Init
    tim.o(i.HAL_TIM_Encoder_MspInit) refers to stm32f1xx_hal_cortex.o(i.HAL_NVIC_SetPriority) for HAL_NVIC_SetPriority
    tim.o(i.HAL_TIM_Encoder_MspInit) refers to stm32f1xx_hal_cortex.o(i.HAL_NVIC_EnableIRQ) for HAL_NVIC_EnableIRQ
    tim.o(i.HAL_TIM_MspPostInit) refers to stm32f1xx_hal_gpio.o(i.HAL_GPIO_Init) for HAL_GPIO_Init
    tim.o(i.MX_TIM1_Init) refers to memseta.o(.text) for __aeabi_memclr4
    tim.o(i.MX_TIM1_Init) refers to stm32f1xx_hal_tim.o(i.HAL_TIM_Base_Init) for HAL_TIM_Base_Init
    tim.o(i.MX_TIM1_Init) refers to main.o(i.Error_Handler) for Error_Handler
    tim.o(i.MX_TIM1_Init) refers to stm32f1xx_hal_tim.o(i.HAL_TIM_ConfigClockSource) for HAL_TIM_ConfigClockSource
[...]
    Removing stm32f1xx_hal_flash.o(i.FLASH_SetErrorCode), (132 bytes).
    Removing stm32f1xx_hal_flash.o(i.FLASH_WaitForLastOperation), (112 bytes).
    Removing stm32f1xx_hal_flash.o(i.HAL_FLASH_EndOfOperationCallback), (2 bytes).
    Removing stm32f1xx_hal_flash.o(i.HAL_FLASH_GetError), (12 bytes).
    Removing stm32f1xx_hal_flash.o(i.HAL_FLASH_IRQHandler), (384 bytes).
    Removing stm32f1xx_hal_flash.o(i.HAL_FLASH_Lock), (20 bytes).
    Removing stm32f1xx_hal_flash.o(i.HAL_FLASH_OB_Launch), (8 bytes).
    Removing stm32f1xx_hal_flash.o(i.HAL_FLASH_OB_Lock), (20 bytes).
    Removing stm32f1xx_hal_flash.o(i.HAL_FLASH_OB_Unlock), (44 bytes).
    Removing stm32f1xx_hal_flash.o(i.HAL_FLASH_OperationErrorCallback), (2 bytes).
    Removing stm32f1xx_hal_flash.o(i.HAL_FLASH_Program), (176 bytes).
    Removing stm32f1xx_hal_flash.o(i.HAL_FLASH_Program_IT), (124 bytes).
    Removing stm32f1xx_hal_flash.o(i.HAL_FLASH_Unlock), (48 bytes).
    Removing stm32f1xx_hal_flash.o(.bss), (32 bytes).
    Removing stm32f1xx_hal_flash_ex.o(.rev16_text), (4 bytes).
    Removing stm32f1xx_hal_flash_ex.o(.revsh_text), (4 bytes).
    Removing stm32f1xx_hal_flash_ex.o(.rrx_text), (6 bytes).
    Removing stm32f1xx_hal_flash_ex.o(i.FLASH_MassErase), (40 bytes).
    Removing stm32f1xx_hal_flash_ex.o(i.FLASH_OB_DisableWRP), (232 bytes).
    Removing stm32f1xx_hal_flash_ex.o(i.FLASH_OB_EnableWRP), (236 bytes).
    Removing stm32f1xx_hal_flash_ex.o(i.FLASH_OB_GetRDP), (28 bytes).
    Removing stm32f1xx_hal_flash_ex.o(i.FLASH_OB_GetUser), (16 bytes).
    Removing stm32f1xx_hal_flash_ex.o(i.FLASH_OB_GetWRP), (12 bytes).
    Removing stm32f1xx_hal_flash_ex.o(i.FLASH_OB_ProgramData), (76 bytes).
    Removing stm32f1xx_hal_flash_ex.o(i.FLASH_OB_RDP_LevelConfig), (124 bytes).
    Removing stm32f1xx_hal_flash_ex.o(i.FLASH_OB_UserConfig), (84 bytes).
    Removing stm32f1xx_hal_flash_ex.o(i.FLASH_PageErase), (40 bytes).
    Removing stm32f1xx_hal_flash_ex.o(i.HAL_FLASHEx_Erase), (176 bytes).
    Removing stm32f1xx_hal_flash_ex.o(i.HAL_FLASHEx_Erase_IT), (100 bytes).
    Removing stm32f1xx_hal_flash_ex.o(i.HAL_FLASHEx_OBErase), (96 bytes).
    Removing stm32f1xx_hal_flash_ex.o(i.HAL_FLASHEx_OBGetConfig), (28 bytes).
    Removing stm32f1xx_hal_flash_ex.o(i.HAL_FLASHEx_OBGetUserData), (40 bytes).
    Removing stm32f1xx_hal_flash_ex.o(i.HAL_FLASHEx_OBProgram), (200 bytes).
    Removing stm32f1xx_hal_exti.o(.rev16_text), (4 bytes).
    Removing stm32f1xx_hal_exti.o(.revsh_text), (4 bytes).
    Removing stm32f1xx_hal_exti.o(.rrx_text), (6 bytes).
    Removing stm32f1xx_hal_exti.o(i.HAL_EXTI_ClearConfigLine), (120 bytes).
    Removing stm32f1xx_hal_exti.o(i.HAL_EXTI_ClearPending), (28 bytes).
    Removing stm32f1xx_hal_exti.o(i.HAL_EXTI_GenerateSWI), (24 bytes).
    Removing stm32f1xx_hal_exti.o(i.HAL_EXTI_GetConfigLine), (160 bytes).
    Removing stm32f1xx_hal_exti.o(i.HAL_EXTI_GetHandle), (14 bytes).
    Removing stm32f1xx_hal_exti.o(i.HAL_EXTI_GetPending), (36 bytes).
    Removing stm32f1xx_hal_exti.o(i.HAL_EXTI_IRQHandler), (44 bytes).
    Removing stm32f1xx_hal_exti.o(i.HAL_EXTI_RegisterCallback), (20 bytes).
    Removing stm32f1xx_hal_exti.o(i.HAL_EXTI_SetConfigLine), (240 bytes).
    Removing stm32f1xx_hal_uart.o(.rev16_text), (4 bytes).
    Removing stm32f1xx_hal_uart.o(.revsh_text), (4 bytes).
    Removing stm32f1xx_hal_uart.o(.rrx_text), (6 bytes).
    Removing stm32f1xx_hal_uart.o(i.HAL_HalfDuplex_EnableReceiver), (68 bytes).
    Removing stm32f1xx_hal_uart.o(i.HAL_HalfDuplex_EnableTransmitter), (68 bytes).
    Removing stm32f1xx_hal_uart.o(i.HAL_HalfDuplex_Init), (118 bytes).
    Removing stm32f1xx_hal_uart.o(i.HAL_LIN_Init), (142 bytes).
    Removing stm32f1xx_hal_uart.o(i.HAL_LIN_SendBreak), (62 bytes).
    Removing stm32f1xx_hal_uart.o(i.HAL_MultiProcessor_EnterMuteMode), (62 bytes).
    Removing stm32f1xx_hal_uart.o(i.HAL_MultiProcessor_ExitMuteMode), (62 bytes).
    Removing stm32f1xx_hal_uart.o(i.HAL_MultiProcessor_Init), (154 bytes).
    Removing stm32f1xx_hal_uart.o(i.HAL_UARTEx_ReceiveToIdle), (320 bytes).
    Removing stm32f1xx_hal_uart.o(i.HAL_UARTEx_ReceiveToIdle_DMA), (114 bytes).
    Removing stm32f1xx_hal_uart.o(i.HAL_UARTEx_ReceiveToIdle_IT), (114 bytes).
    Removing stm32f1xx_hal_uart.o(i.HAL_UART_Abort), (188 bytes).
    Removing stm32f1xx_hal_uart.o(i.HAL_UART_AbortCpltCallback), (2 bytes).
    Removing stm32f1xx_hal_uart.o(i.HAL_UART_AbortReceive), (122 bytes).
    Removing stm32f1xx_hal_uart.o(i.HAL_UART_AbortReceiveCpltCallback), (2 bytes).
    Removing stm32f1xx_hal_uart.o(i.HAL_UART_AbortReceive_IT), (144 bytes).
    Removing stm32f1xx_hal_uart.o(i.HAL_UART_AbortTransmit), (88 bytes).
    Removing stm32f1xx_hal_uart.o(i.HAL_UART_AbortTransmitCpltCallback), (2 bytes).
    Removing stm32f1xx_hal_uart.o(i.HAL_UART_AbortTransmit_IT), (108 bytes).
    Removing stm32f1xx_hal_uart.o(i.HAL_UART_Abort_IT), (240 bytes).
    Removing stm32f1xx_hal_uart.o(i.HAL_UART_DMAPause), (124 bytes).
    Removing stm32f1xx_hal_uart.o(i.HAL_UART_DMAResume), (126 bytes).
    Removing stm32f1xx_hal_uart.o(i.HAL_UART_DMAStop), (102 bytes).
    Removing stm32f1xx_hal_uart.o(i.HAL_UART_DeInit), (60 bytes).
    Removing stm32f1xx_hal_uart.o(i.HAL_UART_GetError), (6 bytes).
    Removing stm32f1xx_hal_uart.o(i.HAL_UART_MspDeInit), (2 bytes).
    Removing stm32f1xx_hal_uart.o(i.HAL_UART_MspInit), (2 bytes).
    Removing stm32f1xx_hal_uart.o(i.HAL_UART_Receive), (220 bytes).
    Removing stm32f1xx_hal_uart.o(i.HAL_UART_Receive_DMA), (66 bytes).
    Removing stm32f1xx_hal_uart.o(i.HAL_UART_RxHalfCpltCallback), (2 bytes).
    Removing stm32f1xx_hal_uart.o(i.HAL_UART_Transmit_DMA), (156 bytes).
    Removing stm32f1xx_hal_uart.o(i.HAL_UART_Transmit_IT), (88 bytes).
    Removing stm32f1xx_hal_uart.o(i.HAL_UART_TxHalfCpltCallback), (2 bytes).
    Removing stm32f1xx_hal_uart.o(i.UART_DMAError), (80 bytes).
    Removing stm32f1xx_hal_uart.o(i.UART_DMAReceiveCplt), (104 bytes).
    Removing stm32f1xx_hal_uart.o(i.UART_DMARxAbortCallback), (56 bytes).
    Removing stm32f1xx_hal_uart.o(i.UART_DMARxHalfCplt), (32 bytes).
    Removing stm32f1xx_hal_uart.o(i.UART_DMARxOnlyAbortCallback), (28 bytes).
    Removing stm32f1xx_hal_uart.o(i.UART_DMATransmitCplt), (54 bytes).
    Removing stm32f1xx_hal_uart.o(i.UART_DMATxAbortCallback), (56 bytes).
    Removing stm32f1xx_hal_uart.o(i.UART_DMATxHalfCplt), (14 bytes).
    Removing stm32f1xx_hal_uart.o(i.UART_DMATxOnlyAbortCallback), (24 bytes).
    Removing stm32f1xx_hal_uart.o(i.UART_EndTxTransfer), (20 bytes).
    Removing stm32f1xx_hal_uart.o(i.UART_Start_Receive_DMA), (152 bytes).
    Removing system_stm32f1xx.o(.rev16_text), (4 bytes).
    Removing system_stm32f1xx.o(.revsh_text), (4 bytes).
    Removing system_stm32f1xx.o(.rrx_text), (6 bytes).
    Removing system_stm32f1xx.o(i.SystemCoreClockUpdate), (164 bytes).
    Removing delay.o(.rev16_text), (4 bytes).
    Removing delay.o(.revsh_text), (4 bytes).
    Removing delay.o(.rrx_text), (6 bytes).
    Removing ps2.o(.rev16_text), (4 bytes).
    Removing ps2.o(.revsh_text), (4 bytes).
    Removing ps2.o(.rrx_text), (6 bytes).
    Removing ps2.o(i.PS2_RedLight), (64 bytes).
    Removing encoder.o(.rev16_text), (4 bytes).
    Removing encoder.o(.revsh_text), (4 bytes).
    Removing encoder.o(.rrx_text), (6 bytes).
    Removing encoder.o(i.Encoder_init), (44 bytes).
    Removing pid.o(.rev16_text), (4 bytes).
    Removing pid.o(.revsh_text), (4 bytes).
    Removing pid.o(.rrx_text), (6 bytes).
    Removing pid.o(i.PID_Set), (16 bytes).
    Removing pid.o(i.PID_TargetGet), (12 bytes).
    Removing pid.o(i.PID_init), (36 bytes).
    Removing motor.o(.rev16_text), (4 bytes).
    Removing motor.o(.revsh_text), (4 bytes).
    Removing motor.o(.rrx_text), (6 bytes).
    Removing engine.o(.rev16_text), (4 bytes).
    Removing engine.o(.revsh_text), (4 bytes).
    Removing engine.o(.rrx_text), (6 bytes).
    Removing stepper.o(.rev16_text), (4 bytes).
    Removing stepper.o(.revsh_text), (4 bytes).
    Removing stepper.o(.rrx_text), (6 bytes).
    Removing dadd.o(.text), (334 bytes).
    Removing dmul.o(.text), (228 bytes).
    Removing ddiv.o(.text), (222 bytes).
    Removing dfixul.o(.text), (48 bytes).
    Removing cdrcmple.o(.text), (48 bytes).
    Removing depilogue.o(.text), (186 bytes).

399 unused section(s) (total 34914 bytes) removed from the image.

==============================================================================

Image Symbol Table

    Local Symbols

    Symbol Name                              Value     Ov Type        Size  Object(Section)

    ../Core/Src/gpio.c                       0x00000000   Number         0  gpio.o ABSOLUTE
    ../Core/Src/main.c                       0x00000000   Number         0  main.o ABSOLUTE
    ../Core/Src/stm32f1xx_hal_msp.c          0x00000000   Number         0  stm32f1xx_hal_msp.o ABSOLUTE
    ../Core/Src/stm32f1xx_it.c               0x00000000   Number         0  stm32f1xx_it.o ABSOLUTE
    ../Core/Src/system_stm32f1xx.c           0x00000000   Number         0  system_stm32f1xx.o ABSOLUTE
    ../Core/Src/tim.c                        0x00000000   Number         0  tim.o ABSOLUTE
    ../Core/Src/usart.c                      0x00000000   Number         0  usart.o ABSOLUTE
    ../Drivers/STM32F1xx_HAL_Driver/Src/stm32f1xx_hal.c 0x00000000   Number         0  stm32f1xx_hal.o ABSOLUTE
    ../Drivers/STM32F1xx_HAL_Driver/Src/stm32f1xx_hal_cortex.c 0x00000000   Number         0  stm32f1xx_hal_cortex.o ABSOLUTE
    ../Drivers/STM32F1xx_HAL_Driver/Src/stm32f1xx_hal_dma.c 0x00000000   Number         0  stm32f1xx_hal_dma.o ABSOLUTE
    ../Drivers/STM32F1xx_HAL_Driver/Src/stm32f1xx_hal_exti.c 0x00000000   Number         0  stm32f1xx_hal_exti.o ABSOLUTE
    ../Drivers/STM32F1xx_HAL_Driver/Src/stm32f1xx_hal_flash.c 0x00000000   Number         0  stm32f1xx_hal_flash.o ABSOLUTE
    ../Drivers/STM32F1xx_HAL_Driver/Src/stm32f1xx_hal_flash_ex.c 0x00000000   Number         0  stm32f1xx_hal_flash_ex.o ABSOLUTE
    ../Drivers/STM32F1xx_HAL_Driver/Src/stm32f1xx_hal_gpio.c 0x00000000   Number         0  stm32f1xx_hal_gpio.o ABSOLUTE
    ../Drivers/STM32F1xx_HAL_Driver/Src/stm32f1xx_hal_gpio_ex.c 0x00000000   Number         0  stm32f1xx_hal_gpio_ex.o ABSOLUTE
    ../Drivers/STM32F1xx_HAL_Driver/Src/stm32f1xx_hal_pwr.c 0x00000000   Number         0  stm32f1xx_hal_pwr.o ABSOLUTE
    ../Drivers/STM32F1xx_HAL_Driver/Src/stm32f1xx_hal_rcc.c 0x00000000   Number         0  stm32f1xx_hal_rcc.o ABSOLUTE
    ../Drivers/STM32F1xx_HAL_Driver/Src/stm32f1xx_hal_rcc_ex.c 0x00000000   Number         0  stm32f1xx_hal_rcc_ex.o ABSOLUTE
    ../Drivers/STM32F1xx_HAL_Driver/Src/stm32f1xx_hal_tim.c 0x00000000   Number         0  stm32f1xx_hal_tim.o ABSOLUTE
    ../Drivers/STM32F1xx_HAL_Driver/Src/stm32f1xx_hal_tim_ex.c 0x00000000   Number         0  stm32f1xx_hal_tim_ex.o ABSOLUTE
    ../Drivers/STM32F1xx_HAL_Driver/Src/stm32f1xx_hal_uart.c 0x00000000   Number         0  stm32f1xx_hal_uart.o ABSOLUTE
    ../clib/microlib/division.c              0x00000000   Number         0  uidiv.o ABSOLUTE
    ../clib/microlib/division.c              0x00000000   Number         0  uldiv.o ABSOLUTE
    ../clib/microlib/init/entry.s            0x00000000   Number         0  entry8b.o ABSOLUTE
    ../clib/microlib/init/entry.s            0x00000000   Number         0  entry9a.o ABSOLUTE
    ../clib/microlib/init/entry.s            0x00000000   Number         0  entry8a.o ABSOLUTE
    ../clib/microlib/init/entry.s            0x00000000   Number         0  entry2.o ABSOLUTE
    ../clib/microlib/init/entry.s            0x00000000   Number         0  entry12a.o ABSOLUTE
    ../clib/microlib/init/entry.s            0x00000000   Number         0  entry11b.o ABSOLUTE
    ../clib/microlib/init/entry.s            0x00000000   Number         0  entry11a.o ABSOLUTE
    ../clib/microlib/init/entry.s            0x00000000   Number         0  entry10b.o ABSOLUTE
    ../clib/microlib/init/entry.s            0x00000000   Number         0  entry5.o ABSOLUTE
    ../clib/microlib/init/entry.s            0x00000000   Number         0  entry9b.o ABSOLUTE
    ../clib/microlib/init/entry.s            0x00000000   Number         0  entry7a.o ABSOLUTE
    ../clib/microlib/init/entry.s            0x00000000   Number         0  entry.o ABSOLUTE
    ../clib/microlib/init/entry.s            0x00000000   Number         0  entry7b.o ABSOLUTE
    ../clib/microlib/init/entry.s            0x00000000   Number         0  entry12b.o ABSOLUTE
    ../clib/microlib/init/entry.s            0x00000000   Number         0  entry10a.o ABSOLUTE
    ../clib/microlib/longlong.c              0x00000000   Number         0  llsshr.o ABSOLUTE
    ../clib/microlib/longlong.c              0x00000000   Number         0  llshl.o ABSOLUTE
    ../clib/microlib/longlong.c              0x00000000   Number         0  llushr.o ABSOLUTE
    ../clib/microlib/printf/printf.c         0x00000000   Number         0  printf7.o ABSOLUTE
    ../clib/microlib/printf/printf.c         0x00000000   Number         0  printf6.o ABSOLUTE
    ../clib/microlib/printf/printf.c         0x00000000   Number         0  printf5.o ABSOLUTE
    ../clib/microlib/printf/printf.c         0x00000000   Number         0  printf0.o ABSOLUTE
    ../clib/microlib/printf/printf.c         0x00000000   Number         0  printf4.o ABSOLUTE
    ../clib/microlib/printf/printf.c         0x00000000   Number         0  printfb.o ABSOLUTE
    ../clib/microlib/printf/printf.c         0x00000000   Number         0  printfa.o ABSOLUTE
    ../clib/microlib/printf/printf.c         0x00000000   Number         0  printf8.o ABSOLUTE
    ../clib/microlib/printf/printf.c         0x00000000   Number         0  printf1.o ABSOLUTE
    ../clib/microlib/printf/printf.c         0x00000000   Number         0  printf3.o ABSOLUTE
    ../clib/microlib/printf/printf.c         0x00000000   Number         0  printf2.o ABSOLUTE
    ../clib/microlib/printf/stubs.s          0x00000000   Number         0  stubs.o ABSOLUTE
    ../clib/microlib/stdio/streams.c         0x00000000   Number         0  stdout.o ABSOLUTE
    ../clib/microlib/string/memset.c         0x00000000   Number         0  memseta.o ABSOLUTE
    ../clib/microlib/stubs.s                 0x00000000   Number         0  iusefp.o ABSOLUTE
    ../fplib/microlib/fpadd.c                0x00000000   Number         0  fadd.o ABSOLUTE
    ../fplib/microlib/fpadd.c                0x00000000   Number         0  dadd.o ABSOLUTE
    ../fplib/microlib/fpdiv.c                0x00000000   Number         0  ddiv.o ABSOLUTE
    ../fplib/microlib/fpdiv.c                0x00000000   Number         0  fdiv.o ABSOLUTE
    ../fplib/microlib/fpepilogue.c           0x00000000   Number         0  fepilogue.o ABSOLUTE
    ../fplib/microlib/fpepilogue.c           0x00000000   Number         0  depilogue.o ABSOLUTE
    ../fplib/microlib/fpfix.c                0x00000000   Number         0  dfixul.o ABSOLUTE
    ../fplib/microlib/fpfix.c                0x00000000   Number         0  ffixui.o ABSOLUTE
    ../fplib/microlib/fpflt.c                0x00000000   Number         0  fflti.o ABSOLUTE
    ../fplib/microlib/fpmul.c                0x00000000   Number         0  dmul.o ABSOLUTE
    ../fplib/microlib/fpmul.c                0x00000000   Number         0  fmul.o ABSOLUTE
    ..\Core\Src\gpio.c                       0x00000000   Number         0  gpio.o ABSOLUTE
    ..\Core\Src\main.c                       0x00000000   Number         0  main.o ABSOLUTE
    ..\Core\Src\stm32f1xx_hal_msp.c          0x00000000   Number         0  stm32f1xx_hal_msp.o ABSOLUTE
    ..\Core\Src\stm32f1xx_it.c               0x00000000   Number         0  stm32f1xx_it.o ABSOLUTE
    ..\Core\Src\system_stm32f1xx.c           0x00000000   Number         0  system_stm32f1xx.o ABSOLUTE
    ..\Core\Src\tim.c                        0x00000000   Number         0  tim.o ABSOLUTE
    ..\Core\Src\usart.c                      0x00000000   Number         0  usart.o ABSOLUTE
    ..\Drivers\STM32F1xx_HAL_Driver\Src\stm32f1xx_hal.c 0x00000000   Number         0  stm32f1xx_hal.o ABSOLUTE
    ..\Drivers\STM32F1xx_HAL_Driver\Src\stm32f1xx_hal_cortex.c 0x00000000   Number         0  stm32f1xx_hal_cortex.o ABSOLUTE
    ..\Drivers\STM32F1xx_HAL_Driver\Src\stm32f1xx_hal_dma.c 0x00000000   Number         0  stm32f1xx_hal_dma.o ABSOLUTE
    ..\Drivers\STM32F1xx_HAL_Driver\Src\stm32f1xx_hal_exti.c 0x00000000   Number         0  stm32f1xx_hal_exti.o ABSOLUTE
    ..\Drivers\STM32F1xx_HAL_Driver\Src\stm32f1xx_hal_flash.c 0x00000000   Number         0  stm32f1xx_hal_flash.o ABSOLUTE
    ..\Drivers\STM32F1xx_HAL_Driver\Src\stm32f1xx_hal_flash_ex.c 0x00000000   Number         0  stm32f1xx_hal_flash_ex.o ABSOLUTE
    ..\Drivers\STM32F1xx_HAL_Driver\Src\stm32f1xx_hal_gpio.c 0x00000000   Number         0  stm32f1xx_hal_gpio.o ABSOLUTE
    ..\Drivers\STM32F1xx_HAL_Driver\Src\stm32f1xx_hal_gpio_ex.c 0x00000000   Number         0  stm32f1xx_hal_gpio_ex.o ABSOLUTE
    ..\Drivers\STM32F1xx_HAL_Driver\Src\stm32f1xx_hal_pwr.c 0x00000000   Number         0  stm32f1xx_hal_pwr.o ABSOLUTE
    ..\Drivers\STM32F1xx_HAL_Driver\Src\stm32f1xx_hal_rcc.c 0x00000000   Number         0  stm32f1xx_hal_rcc.o ABSOLUTE
    ..\Drivers\STM32F1xx_HAL_Driver\Src\stm32f1xx_hal_rcc_ex.c 0x00000000   Number         0  stm32f1xx_hal_rcc_ex.o ABSOLUTE
    ..\Drivers\STM32F1xx_HAL_Driver\Src\stm32f1xx_hal_tim.c 0x00000000   Number         0  stm32f1xx_hal_tim.o ABSOLUTE
    ..\Drivers\STM32F1xx_HAL_Driver\Src\stm32f1xx_hal_tim_ex.c 0x00000000   Number         0  stm32f1xx_hal_tim_ex.o ABSOLUTE
    ..\Drivers\STM32F1xx_HAL_Driver\Src\stm32f1xx_hal_uart.c 0x00000000   Number         0  stm32f1xx_hal_uart.o ABSOLUTE
    ..\Hardware\Src\delay.c                  0x00000000   Number         0  delay.o ABSOLUTE
    ..\Hardware\Src\encoder.c                0x00000000   Number         0  encoder.o ABSOLUTE
    ..\Hardware\Src\engine.c                 0x00000000   Number         0  engine.o ABSOLUTE
    ..\Hardware\Src\motor.c                  0x00000000   Number         0  motor.o ABSOLUTE
    ..\Hardware\Src\pid.c                    0x00000000   Number         0  pid.o ABSOLUTE
    ..\Hardware\Src\ps2.c                    0x00000000   Number         0  ps2.o ABSOLUTE
    ..\Hardware\Src\stepper.c                0x00000000   Number         0  stepper.o ABSOLUTE
    ..\\Hardware\\Src\\delay.c               0x00000000   Number         0  delay.o ABSOLUTE
    ..\\Hardware\\Src\\encoder.c             0x00000000   Number         0  encoder.o ABSOLUTE
    ..\\Hardware\\Src\\engine.c              0x00000000   Number         0  engine.o ABSOLUTE
    ..\\Hardware\\Src\\motor.c               0x00000000   Number         0  motor.o ABSOLUTE
    ..\\Hardware\\Src\\pid.c                 0x00000000   Number         0  pid.o ABSOLUTE
    ..\\Hardware\\Src\\ps2.c                 0x00000000   Number         0  ps2.o ABSOLUTE
    ..\\Hardware\\Src\\stepper.c             0x00000000   Number         0  stepper.o ABSOLUTE
    cdrcmple.s                               0x00000000   Number         0  cdrcmple.o ABSOLUTE
    cfrcmple.s                               0x00000000   Number         0  cfrcmple.o ABSOLUTE
    dc.s                                     0x00000000   Number         0  dc.o ABSOLUTE
    handlers.s                               0x00000000   Number         0  handlers.o ABSOLUTE
    init.s                                   0x00000000   Number         0  init.o ABSOLUTE
    startup_stm32f103xe.s                    0x00000000   Number         0  startup_stm32f103xe.o ABSOLUTE
    RESET                                    0x08000000   Section      304  startup_stm32f103xe.o(RESET)
    .ARM.Collect$$$$00000000                 0x08000130   Section        0  entry.o(.ARM.Collect$$$$00000000)
    .ARM.Collect$$$$00000001                 0x08000130   Section        4  entry2.o(.ARM.Collect$$$$00000001)
    .ARM.Collect$$$$00000004                 0x08000134   Section        4  entry5.o(.ARM.Collect$$$$00000004)
    .ARM.Collect$$$$00000008                 0x08000138   Section        0  entry7b.o(.ARM.Collect$$$$00000008)
    .ARM.Collect$$$$0000000A                 0x08000138   Section        0  entry8b.o(.ARM.Collect$$$$0000000A)
    .ARM.Collect$$$$0000000B                 0x08000138   Section        8  entry9a.o(.ARM.Collect$$$$0000000B)
    .ARM.Collect$$$$0000000E                 0x08000140   Section        4  entry12b.o(.ARM.Collect$$$$0000000E)
    .ARM.Collect$$$$0000000F                 0x08000144   Section        0  entry10a.o(.ARM.Collect$$$$0000000F)
    .ARM.Collect$$$$00000011                 0x08000144   Section        0  entry11a.o(.ARM.Collect$$$$00000011)
    .ARM.Collect$$$$00002712                 0x08000144   Section        4  entry2.o(.ARM.Collect$$$$00002712)
    __lit__00000000                          0x08000144   Data           4  entry2.o(.ARM.Collect$$$$00002712)
    .text                                    0x08000148   Section       36  startup_stm32f103xe.o(.text)
    .text                                    0x0800016c   Section        0  memseta.o(.text)
    .text                                    0x08000190   Section        0  fadd.o(.text)
    .text                                    0x08000240   Section        0  fmul.o(.text)
    .text                                    0x080002a4   Section        0  fdiv.o(.text)
    .text                                    0x08000320   Section        0  fflti.o(.text)
    .text                                    0x08000332   Section        0  ffixui.o(.text)
    .text                                    0x0800035c   Section       20  cfrcmple.o(.text)
    .text                                    0x08000370   Section        0  uidiv.o(.text)
    .text                                    0x0800039c   Section        0  fepilogue.o(.text)
    .text                                    0x0800039c   Section        0  iusefp.o(.text)
    .text                                    0x0800040c   Section       36  init.o(.text)
    i.BusFault_Handler                       0x08000430   Section        0  stm32f1xx_it.o(i.BusFault_Handler)
    i.DebugMon_Handler                       0x08000434   Section        0  stm32f1xx_it.o(i.DebugMon_Handler)
    i.Delay_ms                               0x08000436   Section        0  delay.o(i.Delay_ms)
    i.Delay_us                               0x08000450   Section        0  delay.o(i.Delay_us)
    i.Encoder_Count                          0x08000488   Section        0  encoder.o(i.Encoder_Count)
    i.Engine_DOWN                            0x080004bc   Section        0  engine.o(i.Engine_DOWN)
    i.Engine_MAX                             0x08000508   Section        0  engine.o(i.Engine_MAX)
    i.Engine_MIN                             0x08000518   Section        0  engine.o(i.Engine_MIN)
    i.Engine_UP                              0x08000528   Section        0  engine.o(i.Engine_UP)
    i.Engine_init                            0x08000574   Section        0  engine.o(i.Engine_init)
    i.Error_Handler                          0x08000584   Section        0  main.o(i.Error_Handler)
    i.HAL_DMA_Abort                          0x0800058a   Section        0  stm32f1xx_hal_dma.o(i.HAL_DMA_Abort)
    i.HAL_DMA_Abort_IT                       0x080005e0   Section        0  stm32f1xx_hal_dma.o(i.HAL_DMA_Abort_IT)
    i.HAL_GPIO_Init                          0x08000788   Section        0  stm32f1xx_hal_gpio.o(i.HAL_GPIO_Init)
    i.HAL_GPIO_WritePin                      0x08000ac8   Section        0  stm32f1xx_hal_gpio.o(i.HAL_GPIO_WritePin)
    i.HAL_GetTick                            0x08000ad4   Section        0  stm32f1xx_hal.o(i.HAL_GetTick)
    i.HAL_IncTick                            0x08000ae0   Section        0  stm32f1xx_hal.o(i.HAL_IncTick)
    i.HAL_Init                               0x08000af8   Section        0  stm32f1xx_hal.o(i.HAL_Init)
    i.HAL_InitTick                           0x08000b20   Section        0  stm32f1xx_hal.o(i.HAL_InitTick)
    i.HAL_MspInit                            0x08000b6c   Section        0  stm32f1xx_hal_msp.o(i.HAL_MspInit)
    i.HAL_NVIC_EnableIRQ                     0x08000bc0   Section        0  stm32f1xx_hal_cortex.o(i.HAL_NVIC_EnableIRQ)
    i.HAL_NVIC_SetPriority                   0x08000be0   Section        0  stm32f1xx_hal_cortex.o(i.HAL_NVIC_SetPriority)
    i.HAL_NVIC_SetPriorityGrouping           0x08000c5c   Section        0  stm32f1xx_hal_cortex.o(i.HAL_NVIC_SetPriorityGrouping)
    i.HAL_RCC_ClockConfig                    0x08000c84   Section        0  stm32f1xx_hal_rcc.o(i.HAL_RCC_ClockConfig)
    i.HAL_RCC_GetHCLKFreq                    0x08000e10   Section        0  stm32f1xx_hal_rcc.o(i.HAL_RCC_GetHCLKFreq)
    i.HAL_RCC_GetPCLK1Freq                   0x08000e1c   Section        0  stm32f1xx_hal_rcc.o(i.HAL_RCC_GetPCLK1Freq)
    i.HAL_RCC_GetPCLK2Freq                   0x08000e3c   Section        0  stm32f1xx_hal_rcc.o(i.HAL_RCC_GetPCLK2Freq)
    i.HAL_RCC_GetSysClockFreq                0x08000e5c   Section        0  stm32f1xx_hal_rcc.o(i.HAL_RCC_GetSysClockFreq)
    i.HAL_RCC_OscConfig                      0x08000ef0   Section        0  stm32f1xx_hal_rcc.o(i.HAL_RCC_OscConfig)
    i.HAL_SYSTICK_Config                     0x08001354   Section        0  stm32f1xx_hal_cortex.o(i.HAL_SYSTICK_Config)
    i.HAL_TIMEx_BreakCallback                0x08001388   Section        0  stm32f1xx_hal_tim_ex.o(i.HAL_TIMEx_BreakCallback)
    i.HAL_TIMEx_CommutCallback               0x0800138a   Section        0  stm32f1xx_hal_tim_ex.o(i.HAL_TIMEx_CommutCallback)
    i.HAL_TIMEx_ConfigBreakDeadTime          0x0800138c   Section        0  stm32f1xx_hal_tim_ex.o(i.HAL_TIMEx_ConfigBreakDeadTime)
    i.HAL_TIMEx_MasterConfigSynchronization  0x08001400   Section        0  stm32f1xx_hal_tim_ex.o(i.HAL_TIMEx_MasterConfigSynchronization)
    i.HAL_TIM_Base_Init                      0x0800149c   Section        0  stm32f1xx_hal_tim.o(i.HAL_TIM_Base_Init)
    i.HAL_TIM_Base_MspInit                   0x08001504   Section        0  tim.o(i.HAL_TIM_Base_MspInit)
    i.HAL_TIM_ConfigClockSource              0x080015bc   Section        0  stm32f1xx_hal_tim.o(i.HAL_TIM_ConfigClockSource)
    i.HAL_TIM_Encoder_Init                   0x080016c4   Section        0  stm32f1xx_hal_tim.o(i.HAL_TIM_Encoder_Init)
    i.HAL_TIM_Encoder_MspInit                0x08001788   Section        0  tim.o(i.HAL_TIM_Encoder_MspInit)
    i.HAL_TIM_IC_CaptureCallback             0x08001870   Section        0  stm32f1xx_hal_tim.o(i.HAL_TIM_IC_CaptureCallback)
    i.HAL_TIM_IRQHandler                     0x08001872   Section        0  stm32f1xx_hal_tim.o(i.HAL_TIM_IRQHandler)
    i.HAL_TIM_MspPostInit                    0x08001a08   Section        0  tim.o(i.HAL_TIM_MspPostInit)
    i.HAL_TIM_OC_DelayElapsedCallback        0x08001af4   Section        0  stm32f1xx_hal_tim.o(i.HAL_TIM_OC_DelayElapsedCallback)
    i.HAL_TIM_PWM_ConfigChannel              0x08001af6   Section        0  stm32f1xx_hal_tim.o(i.HAL_TIM_PWM_ConfigChannel)
    i.HAL_TIM_PWM_Init                       0x08001bf2   Section        0  stm32f1xx_hal_tim.o(i.HAL_TIM_PWM_Init)
    i.HAL_TIM_PWM_MspInit                    0x08001c58   Section        0  stm32f1xx_hal_tim.o(i.HAL_TIM_PWM_MspInit)
    i.HAL_TIM_PWM_PulseFinishedCallback      0x08001c5a   Section        0  stm32f1xx_hal_tim.o(i.HAL_TIM_PWM_PulseFinishedCallback)
    i.HAL_TIM_PWM_Start                      0x08001c5c   Section        0  stm32f1xx_hal_tim.o(i.HAL_TIM_PWM_Start)
    i.HAL_TIM_PeriodElapsedCallback          0x08001d50   Section        0  stm32f1xx_hal_tim.o(i.HAL_TIM_PeriodElapsedCallback)
    i.HAL_TIM_ReadCapturedValue              0x08001d52   Section        0  stm32f1xx_hal_tim.o(i.HAL_TIM_ReadCapturedValue)
    i.HAL_TIM_TriggerCallback                0x08001d84   Section        0  stm32f1xx_hal_tim.o(i.HAL_TIM_TriggerCallback)
    i.HAL_UARTEx_RxEventCallback             0x08001d86   Section        0  stm32f1xx_hal_uart.o(i.HAL_UARTEx_RxEventCallback)
    i.HAL_UART_ErrorCallback                 0x08001d88   Section        0  stm32f1xx_hal_uart.o(i.HAL_UART_ErrorCallback)
    i.HAL_UART_GetState                      0x08001d8a   Section        0  stm32f1xx_hal_uart.o(i.HAL_UART_GetState)
    i.HAL_UART_IRQHandler                    0x08001da0   Section        0  stm32f1xx_hal_uart.o(i.HAL_UART_IRQHandler)
    i.HAL_UART_Init                          0x08001fec   Section        0  stm32f1xx_hal_uart.o(i.HAL_UART_Init)
    i.HAL_UART_MspInit                       0x08002060   Section        0  usart.o(i.HAL_UART_MspInit)
    i.HAL_UART_Receive_IT                    0x08002190   Section        0  stm32f1xx_hal_uart.o(i.HAL_UART_Receive_IT)
    i.HAL_UART_RxCpltCallback                0x080021d2   Section        0  stm32f1xx_hal_uart.o(i.HAL_UART_RxCpltCallback)
    i.HAL_UART_Transmit                      0x080021d4   Section        0  stm32f1xx_hal_uart.o(i.HAL_UART_Transmit)
    i.HAL_UART_TxCpltCallback                0x080022a6   Section        0  stm32f1xx_hal_uart.o(i.HAL_UART_TxCpltCallback)
    i.HardFault_Handler                      0x080022a8   Section        0  stm32f1xx_it.o(i.HardFault_Handler)
    i.MX_GPIO_Init                           0x080022ac   Section        0  gpio.o(i.MX_GPIO_Init)
    i.MX_TIM1_Init                           0x0800236c   Section        0  tim.o(i.MX_TIM1_Init)
    i.MX_TIM2_Init                           0x08002444   Section        0  tim.o(i.MX_TIM2_Init)
    i.MX_TIM3_Init                           0x080024e4   Section        0  tim.o(i.MX_TIM3_Init)
    i.MX_TIM5_Init                           0x08002560   Section        0  tim.o(i.MX_TIM5_Init)
    i.MX_TIM7_Init                           0x080025dc   Section        0  tim.o(i.MX_TIM7_Init)
    i.MX_TIM8_Init                           0x08002628   Section        0  tim.o(i.MX_TIM8_Init)
    i.MX_USART1_UART_Init                    0x08002710   Section        0  usart.o(i.MX_USART1_UART_Init)
    i.MX_USART3_UART_Init                    0x08002748   Section        0  usart.o(i.MX_USART3_UART_Init)
    i.MemManage_Handler                      0x08002780   Section        0  stm32f1xx_it.o(i.MemManage_Handler)
    i.Motor_AntiExtraction                   0x08002784   Section        0  motor.o(i.Motor_AntiExtraction)
    i.Motor_Extraction                       0x080027d8   Section        0  motor.o(i.Motor_Extraction)
    i.Motor_PID_Control                      0x0800282c   Section        0  motor.o(i.Motor_PID_Control)
    i.Motor_init                             0x08002890   Section        0  motor.o(i.Motor_init)
    i.NMI_Handler                            0x080028ac   Section        0  stm32f1xx_it.o(i.NMI_Handler)
    i.PID_Realize                            0x080028b0   Section        0  pid.o(i.PID_Realize)
    i.PID_TargetSet                          0x08002928   Section        0  pid.o(i.PID_TargetSet)
    i.PS2_AnologData                         0x08002934   Section        0  ps2.o(i.PS2_AnologData)
    i.PS2_ClearData                          0x08002940   Section        0  ps2.o(i.PS2_ClearData)
    i.PS2_Cmd                                0x08002958   Section        0  ps2.o(i.PS2_Cmd)
    i.PS2_Control                            0x080029e0   Section        0  ps2.o(i.PS2_Control)
    i.PS2_DataKey                            0x08002bb4   Section        0  ps2.o(i.PS2_DataKey)
    i.PS2_ReadData                           0x08002c08   Section        0  ps2.o(i.PS2_ReadData)
    i.PendSV_Handler                         0x08002cb8   Section        0  stm32f1xx_it.o(i.PendSV_Handler)
    i.RCC_Delay                              0x08002cbc   Section        0  stm32f1xx_hal_rcc.o(i.RCC_Delay)
    RCC_Delay                                0x08002cbd   Thumb Code    36  stm32f1xx_hal_rcc.o(i.RCC_Delay)
    i.SVC_Handler                            0x08002ce4   Section        0  stm32f1xx_it.o(i.SVC_Handler)
    i.Stepper_DOWN                           0x08002ce8   Section        0  stepper.o(i.Stepper_DOWN)
    i.Stepper_Disable                        0x08002d0c   Section        0  stepper.o(i.Stepper_Disable)
    i.Stepper_UP                             0x08002d1c   Section        0  stepper.o(i.Stepper_UP)
    i.Stepper_init                           0x08002d3c   Section        0  stepper.o(i.Stepper_init)
    i.SysTick_Handler                        0x08002d5c   Section        0  stm32f1xx_it.o(i.SysTick_Handler)
    i.SystemClock_Config                     0x08002d64   Section        0  main.o(i.SystemClock_Config)
    i.SystemInit                             0x08002dca   Section        0  system_stm32f1xx.o(i.SystemInit)
    i.TIM3_IRQHandler                        0x08002dcc   Section        0  stm32f1xx_it.o(i.TIM3_IRQHandler)
    i.TIM5_IRQHandler                        0x08002de0   Section        0  stm32f1xx_it.o(i.TIM5_IRQHandler)
    i.TIM7_IRQHandler                        0x08002df4   Section        0  stm32f1xx_it.o(i.TIM7_IRQHandler)
    i.TIM_Base_SetConfig                     0x08002e08   Section        0  stm32f1xx_hal_tim.o(i.TIM_Base_SetConfig)
    i.TIM_CCxChannelCmd                      0x08002ea4   Section        0  stm32f1xx_hal_tim.o(i.TIM_CCxChannelCmd)
    i.TIM_ETR_SetConfig                      0x08002ec6   Section        0  stm32f1xx_hal_tim.o(i.TIM_ETR_SetConfig)
    i.TIM_ITRx_SetConfig                     0x08002edc   Section        0  stm32f1xx_hal_tim.o(i.TIM_ITRx_SetConfig)
    TIM_ITRx_SetConfig                       0x08002edd   Thumb Code    18  stm32f1xx_hal_tim.o(i.TIM_ITRx_SetConfig)
    i.TIM_OC1_SetConfig                      0x08002ef0   Section        0  stm32f1xx_hal_tim.o(i.TIM_OC1_SetConfig)
    TIM_OC1_SetConfig                        0x08002ef1   Thumb Code   104  stm32f1xx_hal_tim.o(i.TIM_OC1_SetConfig)
    i.TIM_OC2_SetConfig                      0x08002f60   Section        0  stm32f1xx_hal_tim.o(i.TIM_OC2_SetConfig)
    i.TIM_OC3_SetConfig                      0x08002fdc   Section        0  stm32f1xx_hal_tim.o(i.TIM_OC3_SetConfig)
    TIM_OC3_SetConfig                        0x08002fdd   Thumb Code   112  stm32f1xx_hal_tim.o(i.TIM_OC3_SetConfig)
    i.TIM_OC4_SetConfig                      0x08003054   Section        0  stm32f1xx_hal_tim.o(i.TIM_OC4_SetConfig)
    TIM_OC4_SetConfig                        0x08003055   Thumb Code    74  stm32f1xx_hal_tim.o(i.TIM_OC4_SetConfig)
    i.TIM_TI1_ConfigInputStage               0x080030a8   Section        0  stm32f1xx_hal_tim.o(i.TIM_TI1_ConfigInputStage)
    TIM_TI1_ConfigInputStage                 0x080030a9   Thumb Code    38  stm32f1xx_hal_tim.o(i.TIM_TI1_ConfigInputStage)
    i.TIM_TI2_ConfigInputStage               0x080030ce   Section        0  stm32f1xx_hal_tim.o(i.TIM_TI2_ConfigInputStage)
    TIM_TI2_ConfigInputStage                 0x080030cf   Thumb Code    40  stm32f1xx_hal_tim.o(i.TIM_TI2_ConfigInputStage)
    i.UART_DMAAbortOnError                   0x080030f6   Section        0  stm32f1xx_hal_uart.o(i.UART_DMAAbortOnError)
    UART_DMAAbortOnError                     0x080030f7   Thumb Code    20  stm32f1xx_hal_uart.o(i.UART_DMAAbortOnError)
    i.UART_EndRxTransfer                     0x0800310a   Section        0  stm32f1xx_hal_uart.o(i.UART_EndRxTransfer)
    UART_EndRxTransfer                       0x0800310b   Thumb Code    54  stm32f1xx_hal_uart.o(i.UART_EndRxTransfer)
    i.UART_EndTransmit_IT                    0x08003140   Section        0  stm32f1xx_hal_uart.o(i.UART_EndTransmit_IT)
    UART_EndTransmit_IT                      0x08003141   Thumb Code    32  stm32f1xx_hal_uart.o(i.UART_EndTransmit_IT)
    i.UART_Receive_IT                        0x08003160   Section        0  stm32f1xx_hal_uart.o(i.UART_Receive_IT)
    UART_Receive_IT                          0x08003161   Thumb Code   228  stm32f1xx_hal_uart.o(i.UART_Receive_IT)
    i.UART_SetConfig                         0x08003244   Section        0  stm32f1xx_hal_uart.o(i.UART_SetConfig)
    UART_SetConfig                           0x08003245   Thumb Code   248  stm32f1xx_hal_uart.o(i.UART_SetConfig)
    i.UART_Start_Receive_IT                  0x08003340   Section        0  stm32f1xx_hal_uart.o(i.UART_Start_Receive_IT)
    i.UART_Transmit_IT                       0x08003386   Section        0  stm32f1xx_hal_uart.o(i.UART_Transmit_IT)
    UART_Transmit_IT                         0x08003387   Thumb Code    96  stm32f1xx_hal_uart.o(i.UART_Transmit_IT)
    i.UART_WaitOnFlagUntilTimeout            0x080033e6   Section        0  stm32f1xx_hal_uart.o(i.UART_WaitOnFlagUntilTimeout)
    UART_WaitOnFlagUntilTimeout              0x080033e7   Thumb Code   108  stm32f1xx_hal_uart.o(i.UART_WaitOnFlagUntilTimeout)
    i.USART1_IRQHandler                      0x08003454   Section        0  stm32f1xx_it.o(i.USART1_IRQHandler)
    i.USART3_IRQHandler                      0x08003468   Section        0  stm32f1xx_it.o(i.USART3_IRQHandler)
    i.USART_DataReceive                      0x0800347c   Section        0  usart.o(i.USART_DataReceive)
    i.UsageFault_Handler                     0x08003548   Section        0  stm32f1xx_it.o(i.UsageFault_Handler)
    i.Usart_DataShow                         0x0800354c   Section        0  usart.o(i.Usart_DataShow)
    i.Usart_SendString                       0x080035bc   Section        0  usart.o(i.Usart_SendString)
    i.Usart_init                             0x08003600   Section        0  usart.o(i.Usart_init)
    i.__0printf$1                            0x0800362c   Section        0  printf1.o(i.__0printf$1)
    i.__NVIC_GetPriorityGrouping             0x0800364c   Section        0  stm32f1xx_hal_cortex.o(i.__NVIC_GetPriorityGrouping)
    __NVIC_GetPriorityGrouping               0x0800364d   Thumb Code    10  stm32f1xx_hal_cortex.o(i.__NVIC_GetPriorityGrouping)
    i.__NVIC_SetPriority                     0x0800365c   Section        0  stm32f1xx_hal_cortex.o(i.__NVIC_SetPriority)
    __NVIC_SetPriority                       0x0800365d   Thumb Code    32  stm32f1xx_hal_cortex.o(i.__NVIC_SetPriority)
    i.__scatterload_copy                     0x08003684   Section       14  handlers.o(i.__scatterload_copy)
    i.__scatterload_null                     0x08003692   Section        2  handlers.o(i.__scatterload_null)
    i.__scatterload_zeroinit                 0x08003694   Section       14  handlers.o(i.__scatterload_zeroinit)
    i._printf_core                           0x080036a4   Section        0  printf1.o(i._printf_core)
    _printf_core                             0x080036a5   Thumb Code   336  printf1.o(i._printf_core)
    i.fputc                                  0x080037f8   Section        0  usart.o(i.fputc)
    i.main                                   0x08003824   Section        0  main.o(i.main)
    .constdata                               0x08003868   Section       24  system_stm32f1xx.o(.constdata)
    .data                                    0x20000000   Section        3  usart.o(.data)
    .data                                    0x20000004   Section        9  stm32f1xx_hal.o(.data)
    .data                                    0x20000010   Section        4  system_stm32f1xx.o(.data)
    .data                                    0x20000014   Section       36  ps2.o(.data)
    .data                                    0x20000038   Section        2  encoder.o(.data)
    .data                                    0x2000003a   Section        1  motor.o(.data)
    is_motor_en                              0x2000003a   Data           1  motor.o(.data)
    .data                                    0x2000003c   Section        4  stdout.o(.data)
    .bss                                     0x20000040   Section      432  tim.o(.bss)
    .bss                                     0x200001f0   Section      236  usart.o(.bss)
    .bss                                     0x200002dc   Section        9  ps2.o(.bss)
    .bss                                     0x200002e8   Section       32  pid.o(.bss)
    STACK                                    0x20000308   Section     1024  startup_stm32f103xe.o(STACK)

    Global Symbols

    Symbol Name                              Value     Ov Type        Size  Object(Section)

    BuildAttributes$$THM_ISAv4$P$D$K$B$S$PE$A:L22UL41UL21$X:L11$S22US41US21$IEEE1$IW$USESV6$~STKCKD$USESV7$~SHL$OTIME$ROPI$EBA8$MICROLIB$REQ8$PRES8$EABIv2 0x00000000   Number         0  anon$$obj.o ABSOLUTE
    __ARM_use_no_argv                        0x00000000   Number         0  main.o ABSOLUTE
    _printf_a                                0x00000000   Number         0  stubs.o ABSOLUTE
    _printf_c                                0x00000000   Number         0  stubs.o ABSOLUTE
    _printf_charcount                        0x00000000   Number         0  stubs.o ABSOLUTE
    _printf_d                                0x00000000   Number         0  stubs.o ABSOLUTE
    _printf_e                                0x00000000   Number         0  stubs.o ABSOLUTE
    _printf_f                                0x00000000   Number         0  stubs.o ABSOLUTE
    _printf_flags                            0x00000000   Number         0  stubs.o ABSOLUTE
    _printf_fp_dec                           0x00000000   Number         0  stubs.o ABSOLUTE
    _printf_fp_hex                           0x00000000   Number         0  stubs.o ABSOLUTE
    _printf_g                                0x00000000   Number         0  stubs.o ABSOLUTE
    _printf_i                                0x00000000   Number         0  stubs.o ABSOLUTE
    _printf_int_dec                          0x00000000   Number         0  stubs.o ABSOLUTE
    _printf_l                                0x00000000   Number         0  stubs.o ABSOLUTE
    _printf_lc                               0x00000000   Number         0  stubs.o ABSOLUTE
    _printf_ll                               0x00000000   Number         0  stubs.o ABSOLUTE
    _printf_lld                              0x00000000   Number         0  stubs.o ABSOLUTE
    _printf_lli                              0x00000000   Number         0  stubs.o ABSOLUTE
    _printf_llo                              0x00000000   Number         0  stubs.o ABSOLUTE
    _printf_llu                              0x00000000   Number         0  stubs.o ABSOLUTE
    _printf_llx                              0x00000000   Number         0  stubs.o ABSOLUTE
    _printf_longlong_dec                     0x00000000   Number         0  stubs.o ABSOLUTE
    _printf_longlong_hex                     0x00000000   Number         0  stubs.o ABSOLUTE
    _printf_longlong_oct                     0x00000000   Number         0  stubs.o ABSOLUTE
    _printf_ls                               0x00000000   Number         0  stubs.o ABSOLUTE
    _printf_mbtowc                           0x00000000   Number         0  stubs.o ABSOLUTE
    _printf_n                                0x00000000   Number         0  stubs.o ABSOLUTE
    _printf_o                                0x00000000   Number         0  stubs.o ABSOLUTE
    _printf_p                                0x00000000   Number         0  stubs.o ABSOLUTE
    _printf_percent                          0x00000000   Number         0  stubs.o ABSOLUTE
    _printf_pre_padding                      0x00000000   Number         0  stubs.o ABSOLUTE
    _printf_return_value                     0x00000000   Number         0  stubs.o ABSOLUTE
    _printf_s                                0x00000000   Number         0  stubs.o ABSOLUTE
    _printf_sizespec                         0x00000000   Number         0  stubs.o ABSOLUTE
    _printf_str                              0x00000000   Number         0  stubs.o ABSOLUTE
    _printf_truncate_signed                  0x00000000   Number         0  stubs.o ABSOLUTE
    _printf_truncate_unsigned                0x00000000   Number         0  stubs.o ABSOLUTE
    _printf_u                                0x00000000   Number         0  stubs.o ABSOLUTE
    _printf_wc                               0x00000000   Number         0  stubs.o ABSOLUTE
    _printf_wctomb                           0x00000000   Number         0  stubs.o ABSOLUTE
    _printf_widthprec                        0x00000000   Number         0  stubs.o ABSOLUTE
    _printf_x                                0x00000000   Number         0  stubs.o ABSOLUTE
    __arm_fini_                               - Undefined Weak Reference
    __cpp_initialize__aeabi_                  - Undefined Weak Reference
    __cxa_finalize                            - Undefined Weak Reference
    __decompress                              - Undefined Weak Reference
    _clock_init                               - Undefined Weak Reference
    _microlib_exit                            - Undefined Weak Reference
    __Vectors_Size                           0x00000130   Number         0  startup_stm32f103xe.o ABSOLUTE
    __Vectors                                0x08000000   Data           4  startup_stm32f103xe.o(RESET)
    __Vectors_End                            0x08000130   Data           0  startup_stm32f103xe.o(RESET)
    __main                                   0x08000131   Thumb Code     0  entry.o(.ARM.Collect$$$$00000000)
    _main_stk                                0x08000131   Thumb Code     0  entry2.o(.ARM.Collect$$$$00000001)
    _main_scatterload                        0x08000135   Thumb Code     0  entry5.o(.ARM.Collect$$$$00000004)
    __main_after_scatterload                 0x08000139   Thumb Code     0  entry5.o(.ARM.Collect$$$$00000004)
    _main_clock                              0x08000139   Thumb Code     0  entry7b.o(.ARM.Collect$$$$00000008)
    _main_cpp_init                           0x08000139   Thumb Code     0  entry8b.o(.ARM.Collect$$$$0000000A)
    _main_init                               0x08000139   Thumb Code     0  entry9a.o(.ARM.Collect$$$$0000000B)
    __rt_lib_shutdown_fini                   0x08000141   Thumb Code     0  entry12b.o(.ARM.Collect$$$$0000000E)
    __rt_final_cpp                           0x08000145   Thumb Code     0  entry10a.o(.ARM.Collect$$$$0000000F)
    __rt_final_exit                          0x08000145   Thumb Code     0  entry11a.o(.ARM.Collect$$$$00000011)
    Reset_Handler                            0x08000149   Thumb Code     8  startup_stm32f103xe.o(.text)
    ADC1_2_IRQHandler                        0x08000163   Thumb Code     0  startup_stm32f103xe.o(.text)
    ADC3_IRQHandler                          0x08000163   Thumb Code     0  startup_stm32f103xe.o(.text)
    CAN1_RX1_IRQHandler                      0x08000163   Thumb Code     0  startup_stm32f103xe.o(.text)
    CAN1_SCE_IRQHandler                      0x08000163   Thumb Code     0  startup_stm32f103xe.o(.text)
    DMA1_Channel1_IRQHandler                 0x08000163   Thumb Code     0  startup_stm32f103xe.o(.text)
    DMA1_Channel2_IRQHandler                 0x08000163   Thumb Code     0  startup_stm32f103xe.o(.text)
    DMA1_Channel3_IRQHandler                 0x08000163   Thumb Code     0  startup_stm32f103xe.o(.text)
    DMA1_Channel4_IRQHandler                 0x08000163   Thumb Code     0  startup_stm32f103xe.o(.text)
    DMA1_Channel5_IRQHandler                 0x08000163   Thumb Code     0  startup_stm32f103xe.o(.text)
    DMA1_Channel6_IRQHandler                 0x08000163   Thumb Code     0  startup_stm32f103xe.o(.text)
    DMA1_Channel7_IRQHandler                 0x08000163   Thumb Code     0  startup_stm32f103xe.o(.text)
    DMA2_Channel1_IRQHandler                 0x08000163   Thumb Code     0  startup_stm32f103xe.o(.text)
    DMA2_Channel2_IRQHandler                 0x08000163   Thumb Code     0  startup_stm32f103xe.o(.text)
    DMA2_Channel3_IRQHandler                 0x08000163   Thumb Code     0  startup_stm32f103xe.o(.text)
    DMA2_Channel4_5_IRQHandler               0x08000163   Thumb Code     0  startup_stm32f103xe.o(.text)
    EXTI0_IRQHandler                         0x08000163   Thumb Code     0  startup_stm32f103xe.o(.text)
    EXTI15_10_IRQHandler                     0x08000163   Thumb Code     0  startup_stm32f103xe.o(.text)
    EXTI1_IRQHandler                         0x08000163   Thumb Code     0  startup_stm32f103xe.o(.text)
    EXTI2_IRQHandler                         0x08000163   Thumb Code     0  startup_stm32f103xe.o(.text)
    EXTI3_IRQHandler                         0x08000163   Thumb Code     0  startup_stm32f103xe.o(.text)
    EXTI4_IRQHandler                         0x08000163   Thumb Code     0  startup_stm32f103xe.o(.text)
    EXTI9_5_IRQHandler                       0x08000163   Thumb Code     0  startup_stm32f103xe.o(.text)
    FLASH_IRQHandler                         0x08000163   Thumb Code     0  startup_stm32f103xe.o(.text)
    FSMC_IRQHandler                          0x08000163   Thumb Code     0  startup_stm32f103xe.o(.text)
    I2C1_ER_IRQHandler                       0x08000163   Thumb Code     0  startup_stm32f103xe.o(.text)
    I2C1_EV_IRQHandler                       0x08000163   Thumb Code     0  startup_stm32f103xe.o(.text)
    I2C2_ER_IRQHandler                       0x08000163   Thumb Code     0  startup_stm32f103xe.o(.text)
    I2C2_EV_IRQHandler                       0x08000163   Thumb Code     0  startup_stm32f103xe.o(.text)
    PVD_IRQHandler                           0x08000163   Thumb Code     0  startup_stm32f103xe.o(.text)
    RCC_IRQHandler                           0x08000163   Thumb Code     0  startup_stm32f103xe.o(.text)
    RTC_Alarm_IRQHandler                     0x08000163   Thumb Code     0  startup_stm32f103xe.o(.text)
    RTC_IRQHandler                           0x08000163   Thumb Code     0  startup_stm32f103xe.o(.text)
    SDIO_IRQHandler                          0x08000163   Thumb Code     0  startup_stm32f103xe.o(.text)
    SPI1_IRQHandler                          0x08000163   Thumb Code     0  startup_stm32f103xe.o(.text)
    SPI2_IRQHandler                          0x08000163   Thumb Code     0  startup_stm32f103xe.o(.text)
    SPI3_IRQHandler                          0x08000163   Thumb Code     0  startup_stm32f103xe.o(.text)
    TAMPER_IRQHandler                        0x08000163   Thumb Code     0  startup_stm32f103xe.o(.text)
    TIM1_BRK_IRQHandler                      0x08000163   Thumb Code     0  startup_stm32f103xe.o(.text)
    TIM1_CC_IRQHandler                       0x08000163   Thumb Code     0  startup_stm32f103xe.o(.text)
    TIM1_TRG_COM_IRQHandler                  0x08000163   Thumb Code     0  startup_stm32f103xe.o(.text)
    TIM1_UP_IRQHandler                       0x08000163   Thumb Code     0  startup_stm32f103xe.o(.text)
    TIM2_IRQHandler                          0x08000163   Thumb Code     0  startup_stm32f103xe.o(.text)
    TIM4_IRQHandler                          0x08000163   Thumb Code     0  startup_stm32f103xe.o(.text)
    TIM6_IRQHandler                          0x08000163   Thumb Code     0  startup_stm32f103xe.o(.text)
    TIM8_BRK_IRQHandler                      0x08000163   Thumb Code     0  startup_stm32f103xe.o(.text)
    TIM8_CC_IRQHandler                       0x08000163   Thumb Code     0  startup_stm32f103xe.o(.text)
    TIM8_TRG_COM_IRQHandler                  0x08000163   Thumb Code     0  startup_stm32f103xe.o(.text)
    TIM8_UP_IRQHandler                       0x08000163   Thumb Code     0  startup_stm32f103xe.o(.text)
    UART4_IRQHandler                         0x08000163   Thumb Code     0  startup_stm32f103xe.o(.text)
    UART5_IRQHandler                         0x08000163   Thumb Code     0  startup_stm32f103xe.o(.text)
    USART2_IRQHandler                        0x08000163   Thumb Code     0  startup_stm32f103xe.o(.text)
    USBWakeUp_IRQHandler                     0x08000163   Thumb Code     0  startup_stm32f103xe.o(.text)
    USB_HP_CAN1_TX_IRQHandler                0x08000163   Thumb Code     0  startup_stm32f103xe.o(.text)
    USB_LP_CAN1_RX0_IRQHandler               0x08000163   Thumb Code     0  startup_stm32f103xe.o(.text)
    WWDG_IRQHandler                          0x08000163   Thumb Code     0  startup_stm32f103xe.o(.text)
    __aeabi_memset                           0x0800016d   Thumb Code    14  memseta.o(.text)
    __aeabi_memset4                          0x0800016d   Thumb Code     0  memseta.o(.text)
    __aeabi_memset8                          0x0800016d   Thumb Code     0  memseta.o(.text)
    __aeabi_memclr                           0x0800017b   Thumb Code     4  memseta.o(.text)
    __aeabi_memclr4                          0x0800017b   Thumb Code     0  memseta.o(.text)
    __aeabi_memclr8                          0x0800017b   Thumb Code     0  memseta.o(.text)
    _memset$wrapper                          0x0800017f   Thumb Code    18  memseta.o(.text)
    __aeabi_fadd                             0x08000191   Thumb Code   164  fadd.o(.text)
    __aeabi_fsub                             0x08000235   Thumb Code     6  fadd.o(.text)
    __aeabi_frsub                            0x0800023b   Thumb Code     6  fadd.o(.text)
    __aeabi_fmul                             0x08000241   Thumb Code   100  fmul.o(.text)
    __aeabi_fdiv                             0x080002a5   Thumb Code   124  fdiv.o(.text)
    __aeabi_i2f                              0x08000321   Thumb Code    18  fflti.o(.text)
    __aeabi_f2uiz                            0x08000333   Thumb Code    40  ffixui.o(.text)
    __aeabi_cfrcmple                         0x0800035d   Thumb Code    20  cfrcmple.o(.text)
    __aeabi_uidiv                            0x08000371   Thumb Code     0  uidiv.o(.text)
    __aeabi_uidivmod                         0x08000371   Thumb Code    44  uidiv.o(.text)
    __I$use$fp                               0x0800039d   Thumb Code     0  iusefp.o(.text)
    _float_round                             0x0800039d   Thumb Code    18  fepilogue.o(.text)
    _float_epilogue                          0x080003af   Thumb Code    92  fepilogue.o(.text)
    __scatterload                            0x0800040d   Thumb Code    28  init.o(.text)
    __scatterload_rt2                        0x0800040d   Thumb Code     0  init.o(.text)
    BusFault_Handler                         0x08000431   Thumb Code     4  stm32f1xx_it.o(i.BusFault_Handler)
    DebugMon_Handler                         0x08000435   Thumb Code     2  stm32f1xx_it.o(i.DebugMon_Handler)
    Delay_ms                                 0x08000437   Thumb Code    26  delay.o(i.Delay_ms)
    Delay_us                                 0x08000451   Thumb Code    54  delay.o(i.Delay_us)
    Encoder_Count                            0x08000489   Thumb Code    42  encoder.o(i.Encoder_Count)
    Engine_DOWN                              0x080004bd   Thumb Code    68  engine.o(i.Engine_DOWN)
    Engine_MAX                               0x08000509   Thumb Code    10  engine.o(i.Engine_MAX)
    Engine_MIN                               0x08000519   Thumb Code    10  engine.o(i.Engine_MIN)
    Engine_UP                                0x08000529   Thumb Code    66  engine.o(i.Engine_UP)
    Engine_init                              0x08000575   Thumb Code    12  engine.o(i.Engine_init)
    Error_Handler                            0x08000585   Thumb Code     6  main.o(i.Error_Handler)
    HAL_DMA_Abort                            0x0800058b   Thumb Code    86  stm32f1xx_hal_dma.o(i.HAL_DMA_Abort)
    HAL_DMA_Abort_IT                         0x080005e1   Thumb Code   414  stm32f1xx_hal_dma.o(i.HAL_DMA_Abort_IT)
    HAL_GPIO_Init                            0x08000789   Thumb Code   792  stm32f1xx_hal_gpio.o(i.HAL_GPIO_Init)
    HAL_GPIO_WritePin                        0x08000ac9   Thumb Code    12  stm32f1xx_hal_gpio.o(i.HAL_GPIO_WritePin)
    HAL_GetTick                              0x08000ad5   Thumb Code     6  stm32f1xx_hal.o(i.HAL_GetTick)
    HAL_IncTick                              0x08000ae1   Thumb Code    16  stm32f1xx_hal.o(i.HAL_IncTick)
    HAL_Init                                 0x08000af9   Thumb Code    34  stm32f1xx_hal.o(i.HAL_Init)
    HAL_InitTick                             0x08000b21   Thumb Code    64  stm32f1xx_hal.o(i.HAL_InitTick)
    HAL_MspInit                              0x08000b6d   Thumb Code    76  stm32f1xx_hal_msp.o(i.HAL_MspInit)
    HAL_NVIC_EnableIRQ                       0x08000bc1   Thumb Code    32  stm32f1xx_hal_cortex.o(i.HAL_NVIC_EnableIRQ)
    HAL_NVIC_SetPriority                     0x08000be1   Thumb Code   124  stm32f1xx_hal_cortex.o(i.HAL_NVIC_SetPriority)
    HAL_NVIC_SetPriorityGrouping             0x08000c5d   Thumb Code    32  stm32f1xx_hal_cortex.o(i.HAL_NVIC_SetPriorityGrouping)
    HAL_RCC_ClockConfig                      0x08000c85   Thumb Code   376  stm32f1xx_hal_rcc.o(i.HAL_RCC_ClockConfig)
    HAL_RCC_GetHCLKFreq                      0x08000e11   Thumb Code     6  stm32f1xx_hal_rcc.o(i.HAL_RCC_GetHCLKFreq)
    HAL_RCC_GetPCLK1Freq                     0x08000e1d   Thumb Code    22  stm32f1xx_hal_rcc.o(i.HAL_RCC_GetPCLK1Freq)
    HAL_RCC_GetPCLK2Freq                     0x08000e3d   Thumb Code    22  stm32f1xx_hal_rcc.o(i.HAL_RCC_GetPCLK2Freq)
    HAL_RCC_GetSysClockFreq                  0x08000e5d   Thumb Code   116  stm32f1xx_hal_rcc.o(i.HAL_RCC_GetSysClockFreq)
    HAL_RCC_OscConfig                        0x08000ef1   Thumb Code  1114  stm32f1xx_hal_rcc.o(i.HAL_RCC_OscConfig)
    HAL_SYSTICK_Config                       0x08001355   Thumb Code    52  stm32f1xx_hal_cortex.o(i.HAL_SYSTICK_Config)
    HAL_TIMEx_BreakCallback                  0x08001389   Thumb Code     2  stm32f1xx_hal_tim_ex.o(i.HAL_TIMEx_BreakCallback)
    HAL_TIMEx_CommutCallback                 0x0800138b   Thumb Code     2  stm32f1xx_hal_tim_ex.o(i.HAL_TIMEx_CommutCallback)
    HAL_TIMEx_ConfigBreakDeadTime            0x0800138d   Thumb Code   116  stm32f1xx_hal_tim_ex.o(i.HAL_TIMEx_ConfigBreakDeadTime)
    HAL_TIMEx_MasterConfigSynchronization    0x08001401   Thumb Code   134  stm32f1xx_hal_tim_ex.o(i.HAL_TIMEx_MasterConfigSynchronization)
    HAL_TIM_Base_Init                        0x0800149d   Thumb Code   102  stm32f1xx_hal_tim.o(i.HAL_TIM_Base_Init)
    HAL_TIM_Base_MspInit                     0x08001505   Thumb Code   168  tim.o(i.HAL_TIM_Base_MspInit)
    HAL_TIM_ConfigClockSource                0x080015bd   Thumb Code   264  stm32f1xx_hal_tim.o(i.HAL_TIM_ConfigClockSource)
    HAL_TIM_Encoder_Init                     0x080016c5   Thumb Code   196  stm32f1xx_hal_tim.o(i.HAL_TIM_Encoder_Init)
    HAL_TIM_Encoder_MspInit                  0x08001789   Thumb Code   214  tim.o(i.HAL_TIM_Encoder_MspInit)
    HAL_TIM_IC_CaptureCallback               0x08001871   Thumb Code     2  stm32f1xx_hal_tim.o(i.HAL_TIM_IC_CaptureCallback)
    HAL_TIM_IRQHandler                       0x08001873   Thumb Code   406  stm32f1xx_hal_tim.o(i.HAL_TIM_IRQHandler)
    HAL_TIM_MspPostInit                      0x08001a09   Thumb Code   208  tim.o(i.HAL_TIM_MspPostInit)
    HAL_TIM_OC_DelayElapsedCallback          0x08001af5   Thumb Code     2  stm32f1xx_hal_tim.o(i.HAL_TIM_OC_DelayElapsedCallback)
    HAL_TIM_PWM_ConfigChannel                0x08001af7   Thumb Code   252  stm32f1xx_hal_tim.o(i.HAL_TIM_PWM_ConfigChannel)
    HAL_TIM_PWM_Init                         0x08001bf3   Thumb Code   102  stm32f1xx_hal_tim.o(i.HAL_TIM_PWM_Init)
    HAL_TIM_PWM_MspInit                      0x08001c59   Thumb Code     2  stm32f1xx_hal_tim.o(i.HAL_TIM_PWM_MspInit)
    HAL_TIM_PWM_PulseFinishedCallback        0x08001c5b   Thumb Code     2  stm32f1xx_hal_tim.o(i.HAL_TIM_PWM_PulseFinishedCallback)
    HAL_TIM_PWM_Start                        0x08001c5d   Thumb Code   222  stm32f1xx_hal_tim.o(i.HAL_TIM_PWM_Start)
    HAL_TIM_PeriodElapsedCallback            0x08001d51   Thumb Code     2  stm32f1xx_hal_tim.o(i.HAL_TIM_PeriodElapsedCallback)
    HAL_TIM_ReadCapturedValue                0x08001d53   Thumb Code    50  stm32f1xx_hal_tim.o(i.HAL_TIM_ReadCapturedValue)
    HAL_TIM_TriggerCallback                  0x08001d85   Thumb Code     2  stm32f1xx_hal_tim.o(i.HAL_TIM_TriggerCallback)
    HAL_UARTEx_RxEventCallback               0x08001d87   Thumb Code     2  stm32f1xx_hal_uart.o(i.HAL_UARTEx_RxEventCallback)
    HAL_UART_ErrorCallback                   0x08001d89   Thumb Code     2  stm32f1xx_hal_uart.o(i.HAL_UART_ErrorCallback)
    HAL_UART_GetState                        0x08001d8b   Thumb Code    20  stm32f1xx_hal_uart.o(i.HAL_UART_GetState)
    HAL_UART_IRQHandler                      0x08001da1   Thumb Code   582  stm32f1xx_hal_uart.o(i.HAL_UART_IRQHandler)
    HAL_UART_Init                            0x08001fed   Thumb Code   114  stm32f1xx_hal_uart.o(i.HAL_UART_Init)
    HAL_UART_MspInit                         0x08002061   Thumb Code   280  usart.o(i.HAL_UART_MspInit)
    HAL_UART_Receive_IT                      0x08002191   Thumb Code    66  stm32f1xx_hal_uart.o(i.HAL_UART_Receive_IT)
    HAL_UART_RxCpltCallback                  0x080021d3   Thumb Code     2  stm32f1xx_hal_uart.o(i.HAL_UART_RxCpltCallback)
    HAL_UART_Transmit                        0x080021d5   Thumb Code   210  stm32f1xx_hal_uart.o(i.HAL_UART_Transmit)
    HAL_UART_TxCpltCallback                  0x080022a7   Thumb Code     2  stm32f1xx_hal_uart.o(i.HAL_UART_TxCpltCallback)
    HardFault_Handler                        0x080022a9   Thumb Code     4  stm32f1xx_it.o(i.HardFault_Handler)
    MX_GPIO_Init                             0x080022ad   Thumb Code   182  gpio.o(i.MX_GPIO_Init)
    MX_TIM1_Init                             0x0800236d   Thumb Code   206  tim.o(i.MX_TIM1_Init)
    MX_TIM2_Init                             0x08002445   Thumb Code   156  tim.o(i.MX_TIM2_Init)
    MX_TIM3_Init                             0x080024e5   Thumb Code   114  tim.o(i.MX_TIM3_Init)
    MX_TIM5_Init                             0x08002561   Thumb Code   114  tim.o(i.MX_TIM5_Init)
    MX_TIM7_Init                             0x080025dd   Thumb Code    68  tim.o(i.MX_TIM7_Init)
    MX_TIM8_Init                             0x08002629   Thumb Code   224  tim.o(i.MX_TIM8_Init)
    MX_USART1_UART_Init                      0x08002711   Thumb Code    46  usart.o(i.MX_USART1_UART_Init)
    MX_USART3_UART_Init                      0x08002749   Thumb Code    46  usart.o(i.MX_USART3_UART_Init)
    MemManage_Handler                        0x08002781   Thumb Code     4  stm32f1xx_it.o(i.MemManage_Handler)
    Motor_AntiExtraction                     0x08002785   Thumb Code    68  motor.o(i.Motor_AntiExtraction)
    Motor_Extraction                         0x080027d9   Thumb Code    68  motor.o(i.Motor_Extraction)
    Motor_PID_Control                        0x0800282d   Thumb Code    78  motor.o(i.Motor_PID_Control)
    Motor_init                               0x08002891   Thumb Code    18  motor.o(i.Motor_init)
    NMI_Handler                              0x080028ad   Thumb Code     4  stm32f1xx_it.o(i.NMI_Handler)
    PID_Realize                              0x080028b1   Thumb Code   114  pid.o(i.PID_Realize)
    PID_TargetSet                            0x08002929   Thumb Code     6  pid.o(i.PID_TargetSet)
    PS2_AnologData                           0x08002935   Thumb Code     8  ps2.o(i.PS2_AnologData)
    PS2_ClearData                            0x08002941   Thumb Code    20  ps2.o(i.PS2_ClearData)
    PS2_Cmd                                  0x08002959   Thumb Code   124  ps2.o(i.PS2_Cmd)
    PS2_Control                              0x080029e1   Thumb Code   352  ps2.o(i.PS2_Control)
    PS2_DataKey                              0x08002bb5   Thumb Code    70  ps2.o(i.PS2_DataKey)
    PS2_ReadData                             0x08002c09   Thumb Code   158  ps2.o(i.PS2_ReadData)
    PendSV_Handler                           0x08002cb9   Thumb Code     2  stm32f1xx_it.o(i.PendSV_Handler)
    SVC_Handler                              0x08002ce5   Thumb Code     2  stm32f1xx_it.o(i.SVC_Handler)
    Stepper_DOWN                             0x08002ce9   Thumb Code    26  stepper.o(i.Stepper_DOWN)
    Stepper_Disable                          0x08002d0d   Thumb Code    10  stepper.o(i.Stepper_Disable)
    Stepper_UP                               0x08002d1d   Thumb Code    24  stepper.o(i.Stepper_UP)
    Stepper_init                             0x08002d3d   Thumb Code    24  stepper.o(i.Stepper_init)
    SysTick_Handler                          0x08002d5d   Thumb Code     8  stm32f1xx_it.o(i.SysTick_Handler)
    SystemClock_Config                       0x08002d65   Thumb Code   102  main.o(i.SystemClock_Config)
    SystemInit                               0x08002dcb   Thumb Code     2  system_stm32f1xx.o(i.SystemInit)
    TIM3_IRQHandler                          0x08002dcd   Thumb Code    16  stm32f1xx_it.o(i.TIM3_IRQHandler)
    TIM5_IRQHandler                          0x08002de1   Thumb Code    16  stm32f1xx_it.o(i.TIM5_IRQHandler)
    TIM7_IRQHandler                          0x08002df5   Thumb Code    14  stm32f1xx_it.o(i.TIM7_IRQHandler)
    TIM_Base_SetConfig                       0x08002e09   Thumb Code   134  stm32f1xx_hal_tim.o(i.TIM_Base_SetConfig)
    TIM_CCxChannelCmd                        0x08002ea5   Thumb Code    34  stm32f1xx_hal_tim.o(i.TIM_CCxChannelCmd)
    TIM_ETR_SetConfig                        0x08002ec7   Thumb Code    22  stm32f1xx_hal_tim.o(i.TIM_ETR_SetConfig)
    TIM_OC2_SetConfig                        0x08002f61   Thumb Code   114  stm32f1xx_hal_tim.o(i.TIM_OC2_SetConfig)
    UART_Start_Receive_IT                    0x08003341   Thumb Code    70  stm32f1xx_hal_uart.o(i.UART_Start_Receive_IT)
    USART1_IRQHandler                        0x08003455   Thumb Code    16  stm32f1xx_it.o(i.USART1_IRQHandler)
    USART3_IRQHandler                        0x08003469   Thumb Code    16  stm32f1xx_it.o(i.USART3_IRQHandler)
    USART_DataReceive                        0x0800347d   Thumb Code   182  usart.o(i.USART_DataReceive)
    UsageFault_Handler                       0x08003549   Thumb Code     4  stm32f1xx_it.o(i.UsageFault_Handler)
    Usart_DataShow                           0x0800354d   Thumb Code    94  usart.o(i.Usart_DataShow)
    Usart_SendString                         0x080035bd   Thumb Code    58  usart.o(i.Usart_SendString)
    Usart_init                               0x08003601   Thumb Code    34  usart.o(i.Usart_init)
    __0printf$1                              0x0800362d   Thumb Code    22  printf1.o(i.__0printf$1)
    __1printf$1                              0x0800362d   Thumb Code     0  printf1.o(i.__0printf$1)
    __2printf                                0x0800362d   Thumb Code     0  printf1.o(i.__0printf$1)
    __scatterload_copy                       0x08003685   Thumb Code    14  handlers.o(i.__scatterload_copy)
    __scatterload_null                       0x08003693   Thumb Code     2  handlers.o(i.__scatterload_null)
    __scatterload_zeroinit                   0x08003695   Thumb Code    14  handlers.o(i.__scatterload_zeroinit)
    fputc                                    0x080037f9   Thumb Code    36  usart.o(i.fputc)
    main                                     0x08003825   Thumb Code    68  main.o(i.main)
    AHBPrescTable                            0x08003868   Data          16  system_stm32f1xx.o(.constdata)
    APBPrescTable                            0x08003878   Data           8  system_stm32f1xx.o(.constdata)
    Region$$Table$$Base                      0x08003880   Number         0  anon$$obj.o(Region$$Table)
    Region$$Table$$Limit                     0x080038a0   Number         0  anon$$obj.o(Region$$Table)
    Rx_Flag                                  0x20000000   Data           1  usart.o(.data)
    Rx_buff                                  0x20000001   Data           1  usart.o(.data)
    LEN                                      0x20000002   Data           1  usart.o(.data)
    uwTick                                   0x20000004   Data           4  stm32f1xx_hal.o(.data)
    uwTickPrio                               0x20000008   Data           4  stm32f1xx_hal.o(.data)
    uwTickFreq                               0x2000000c   Data           1  stm32f1xx_hal.o(.data)
    SystemCoreClock                          0x20000010   Data           4  system_stm32f1xx.o(.data)
    Handkey                                  0x20000014   Data           2  ps2.o(.data)
    Comd                                     0x20000016   Data           2  ps2.o(.data)
    MASK                                     0x20000018   Data          32  ps2.o(.data)
    Encoder_Overflow_Count                   0x20000038   Data           2  encoder.o(.data)
    __stdout                                 0x2000003c   Data           4  stdout.o(.data)
    htim1                                    0x20000040   Data          72  tim.o(.bss)
    htim2                                    0x20000088   Data          72  tim.o(.bss)
    htim3                                    0x200000d0   Data          72  tim.o(.bss)
    htim5                                    0x20000118   Data          72  tim.o(.bss)
    htim7                                    0x20000160   Data          72  tim.o(.bss)
    htim8                                    0x200001a8   Data          72  tim.o(.bss)
    Rx_String                                0x200001f0   Data         100  usart.o(.bss)
    huart1                                   0x20000254   Data          68  usart.o(.bss)
    huart3                                   0x20000298   Data          68  usart.o(.bss)
    Data                                     0x200002dc   Data           9  ps2.o(.bss)
    pid                                      0x200002e8   Data          32  pid.o(.bss)
    __initial_sp                             0x20000708   Data           0  startup_stm32f103xe.o(STACK)



==============================================================================

Memory Map of the image

  Image Entry point : 0x08000131

  Load Region LR_IROM1 (Base: 0x08000000, Size: 0x000038e0, Max: 0x00040000, ABSOLUTE)

    Execution Region ER_IROM1 (Exec base: 0x08000000, Load base: 0x08000000, Size: 0x000038a0, Max: 0x00040000, ABSOLUTE)

    Exec Addr    Load Addr    Size         Type   Attr      Idx    E Section Name        Object

    0x08000000   0x08000000   0x00000130   Data   RO            3    RESET               startup_stm32f103xe.o
    0x08000130   0x08000130   0x00000000   Code   RO         3296  * .ARM.Collect$$$$00000000  mc_w.l(entry.o)
    0x08000130   0x08000130   0x00000004   Code   RO         3576    .ARM.Collect$$$$00000001  mc_w.l(entry2.o)
    0x08000134   0x08000134   0x00000004   Code   RO         3579    .ARM.Collect$$$$00000004  mc_w.l(entry5.o)
    0x08000138   0x08000138   0x00000000   Code   RO         3581    .ARM.Collect$$$$00000008  mc_w.l(entry7b.o)
    0x08000138   0x08000138   0x00000000   Code   RO         3583    .ARM.Collect$$$$0000000A  mc_w.l(entry8b.o)
    0x08000138   0x08000138   0x00000008   Code   RO         3584    .ARM.Collect$$$$0000000B  mc_w.l(entry9a.o)
    0x08000140   0x08000140   0x00000004   Code   RO         3591    .ARM.Collect$$$$0000000E  mc_w.l(entry12b.o)
    0x08000144   0x08000144   0x00000000   Code   RO         3586    .ARM.Collect$$$$0000000F  mc_w.l(entry10a.o)
    0x08000144   0x08000144   0x00000000   Code   RO         3588    .ARM.Collect$$$$00000011  mc_w.l(entry11a.o)
    0x08000144   0x08000144   0x00000004   Code   RO         3577    .ARM.Collect$$$$00002712  mc_w.l(entry2.o)
    0x08000148   0x08000148   0x00000024   Code   RO            4    .text               startup_stm32f103xe.o
    0x0800016c   0x0800016c   0x00000024   Code   RO         3301    .text               mc_w.l(memseta.o)
    0x08000190   0x08000190   0x000000b0   Code   RO         3564    .text               mf_w.l(fadd.o)
    0x08000240   0x08000240   0x00000064   Code   RO         3566    .text               mf_w.l(fmul.o)
    0x080002a4   0x080002a4   0x0000007c   Code   RO         3568    .text               mf_w.l(fdiv.o)
    0x08000320   0x08000320   0x00000012   Code   RO         3570    .text               mf_w.l(fflti.o)
    0x08000332   0x08000332   0x00000028   Code   RO         3572    .text               mf_w.l(ffixui.o)
    0x0800035a   0x0800035a   0x00000002   PAD
    0x0800035c   0x0800035c   0x00000014   Code   RO         3574    .text               mf_w.l(cfrcmple.o)
    0x08000370   0x08000370   0x0000002c   Code   RO         3593    .text               mc_w.l(uidiv.o)
    0x0800039c   0x0800039c   0x00000000   Code   RO         3597    .text               mc_w.l(iusefp.o)
    0x0800039c   0x0800039c   0x0000006e   Code   RO         3598    .text               mf_w.l(fepilogue.o)
    0x0800040a   0x0800040a   0x00000002   PAD
    0x0800040c   0x0800040c   0x00000024   Code   RO         3610    .text               mc_w.l(init.o)
    0x08000430   0x08000430   0x00000004   Code   RO          394    i.BusFault_Handler  stm32f1xx_it.o
    0x08000434   0x08000434   0x00000002   Code   RO          395    i.DebugMon_Handler  stm32f1xx_it.o
    0x08000436   0x08000436   0x0000001a   Code   RO         2967    i.Delay_ms          delay.o
    0x08000450   0x08000450   0x00000036   Code   RO         2968    i.Delay_us          delay.o
    0x08000486   0x08000486   0x00000002   PAD
    0x08000488   0x08000488   0x00000034   Code   RO         3074    i.Encoder_Count     encoder.o
    0x080004bc   0x080004bc   0x0000004c   Code   RO         3209    i.Engine_DOWN       engine.o
    0x08000508   0x08000508   0x00000010   Code   RO         3210    i.Engine_MAX        engine.o
    0x08000518   0x08000518   0x00000010   Code   RO         3211    i.Engine_MIN        engine.o
    0x08000528   0x08000528   0x0000004c   Code   RO         3212    i.Engine_UP         engine.o
    0x08000574   0x08000574   0x00000010   Code   RO         3213    i.Engine_init       engine.o
    0x08000584   0x08000584   0x00000006   Code   RO           13    i.Error_Handler     main.o
    0x0800058a   0x0800058a   0x00000056   Code   RO         1941    i.HAL_DMA_Abort     stm32f1xx_hal_dma.o
    0x080005e0   0x080005e0   0x000001a8   Code   RO         1942    i.HAL_DMA_Abort_IT  stm32f1xx_hal_dma.o
    0x08000788   0x08000788   0x00000340   Code   RO         1877    i.HAL_GPIO_Init     stm32f1xx_hal_gpio.o
    0x08000ac8   0x08000ac8   0x0000000c   Code   RO         1881    i.HAL_GPIO_WritePin  stm32f1xx_hal_gpio.o
    0x08000ad4   0x08000ad4   0x0000000c   Code   RO         1568    i.HAL_GetTick       stm32f1xx_hal.o
    0x08000ae0   0x08000ae0   0x00000018   Code   RO         1574    i.HAL_IncTick       stm32f1xx_hal.o
    0x08000af8   0x08000af8   0x00000028   Code   RO         1575    i.HAL_Init          stm32f1xx_hal.o
    0x08000b20   0x08000b20   0x0000004c   Code   RO         1576    i.HAL_InitTick      stm32f1xx_hal.o
    0x08000b6c   0x08000b6c   0x00000054   Code   RO          513    i.HAL_MspInit       stm32f1xx_hal_msp.o
    0x08000bc0   0x08000bc0   0x00000020   Code   RO         2037    i.HAL_NVIC_EnableIRQ  stm32f1xx_hal_cortex.o
    0x08000be0   0x08000be0   0x0000007c   Code   RO         2043    i.HAL_NVIC_SetPriority  stm32f1xx_hal_cortex.o
    0x08000c5c   0x08000c5c   0x00000028   Code   RO         2044    i.HAL_NVIC_SetPriorityGrouping  stm32f1xx_hal_cortex.o
    0x08000c84   0x08000c84   0x0000018c   Code   RO         1732    i.HAL_RCC_ClockConfig  stm32f1xx_hal_rcc.o
    0x08000e10   0x08000e10   0x0000000c   Code   RO         1737    i.HAL_RCC_GetHCLKFreq  stm32f1xx_hal_rcc.o
    0x08000e1c   0x08000e1c   0x00000020   Code   RO         1739    i.HAL_RCC_GetPCLK1Freq  stm32f1xx_hal_rcc.o
    0x08000e3c   0x08000e3c   0x00000020   Code   RO         1740    i.HAL_RCC_GetPCLK2Freq  stm32f1xx_hal_rcc.o
    0x08000e5c   0x08000e5c   0x00000094   Code   RO         1741    i.HAL_RCC_GetSysClockFreq  stm32f1xx_hal_rcc.o
    0x08000ef0   0x08000ef0   0x00000464   Code   RO         1744    i.HAL_RCC_OscConfig  stm32f1xx_hal_rcc.o
    0x08001354   0x08001354   0x00000034   Code   RO         2048    i.HAL_SYSTICK_Config  stm32f1xx_hal_cortex.o
    0x08001388   0x08001388   0x00000002   Code   RO         1290    i.HAL_TIMEx_BreakCallback  stm32f1xx_hal_tim_ex.o
    0x0800138a   0x0800138a   0x00000002   Code   RO         1291    i.HAL_TIMEx_CommutCallback  stm32f1xx_hal_tim_ex.o
    0x0800138c   0x0800138c   0x00000074   Code   RO         1293    i.HAL_TIMEx_ConfigBreakDeadTime  stm32f1xx_hal_tim_ex.o
    0x08001400   0x08001400   0x0000009c   Code   RO         1309    i.HAL_TIMEx_MasterConfigSynchronization  stm32f1xx_hal_tim_ex.o
    0x0800149c   0x0800149c   0x00000066   Code   RO          575    i.HAL_TIM_Base_Init  stm32f1xx_hal_tim.o
    0x08001502   0x08001502   0x00000002   PAD
    0x08001504   0x08001504   0x000000b8   Code   RO          210    i.HAL_TIM_Base_MspInit  tim.o
    0x080015bc   0x080015bc   0x00000108   Code   RO          584    i.HAL_TIM_ConfigClockSource  stm32f1xx_hal_tim.o
    0x080016c4   0x080016c4   0x000000c4   Code   RO          596    i.HAL_TIM_Encoder_Init  stm32f1xx_hal_tim.o
    0x08001788   0x08001788   0x000000e8   Code   RO          212    i.HAL_TIM_Encoder_MspInit  tim.o
    0x08001870   0x08001870   0x00000002   Code   RO          609    i.HAL_TIM_IC_CaptureCallback  stm32f1xx_hal_tim.o
    0x08001872   0x08001872   0x00000196   Code   RO          623    i.HAL_TIM_IRQHandler  stm32f1xx_hal_tim.o
    0x08001a08   0x08001a08   0x000000ec   Code   RO          213    i.HAL_TIM_MspPostInit  tim.o
    0x08001af4   0x08001af4   0x00000002   Code   RO          626    i.HAL_TIM_OC_DelayElapsedCallback  stm32f1xx_hal_tim.o
    0x08001af6   0x08001af6   0x000000fc   Code   RO          647    i.HAL_TIM_PWM_ConfigChannel  stm32f1xx_hal_tim.o
    0x08001bf2   0x08001bf2   0x00000066   Code   RO          650    i.HAL_TIM_PWM_Init  stm32f1xx_hal_tim.o
    0x08001c58   0x08001c58   0x00000002   Code   RO          652    i.HAL_TIM_PWM_MspInit  stm32f1xx_hal_tim.o
    0x08001c5a   0x08001c5a   0x00000002   Code   RO          653    i.HAL_TIM_PWM_PulseFinishedCallback  stm32f1xx_hal_tim.o
    0x08001c5c   0x08001c5c   0x000000f4   Code   RO          655    i.HAL_TIM_PWM_Start  stm32f1xx_hal_tim.o
    0x08001d50   0x08001d50   0x00000002   Code   RO          661    i.HAL_TIM_PeriodElapsedCallback  stm32f1xx_hal_tim.o
    0x08001d52   0x08001d52   0x00000032   Code   RO          663    i.HAL_TIM_ReadCapturedValue  stm32f1xx_hal_tim.o
    0x08001d84   0x08001d84   0x00000002   Code   RO          666    i.HAL_TIM_TriggerCallback  stm32f1xx_hal_tim.o
    0x08001d86   0x08001d86   0x00000002   Code   RO         2574    i.HAL_UARTEx_RxEventCallback  stm32f1xx_hal_uart.o
    0x08001d88   0x08001d88   0x00000002   Code   RO         2588    i.HAL_UART_ErrorCallback  stm32f1xx_hal_uart.o
    0x08001d8a   0x08001d8a   0x00000014   Code   RO         2590    i.HAL_UART_GetState  stm32f1xx_hal_uart.o
    0x08001d9e   0x08001d9e   0x00000002   PAD
    0x08001da0   0x08001da0   0x0000024c   Code   RO         2591    i.HAL_UART_IRQHandler  stm32f1xx_hal_uart.o
    0x08001fec   0x08001fec   0x00000072   Code   RO         2592    i.HAL_UART_Init     stm32f1xx_hal_uart.o
    0x0800205e   0x0800205e   0x00000002   PAD
    0x08002060   0x08002060   0x00000130   Code   RO          300    i.HAL_UART_MspInit  usart.o
    0x08002190   0x08002190   0x00000042   Code   RO         2597    i.HAL_UART_Receive_IT  stm32f1xx_hal_uart.o
    0x080021d2   0x080021d2   0x00000002   Code   RO         2598    i.HAL_UART_RxCpltCallback  stm32f1xx_hal_uart.o
    0x080021d4   0x080021d4   0x000000d2   Code   RO         2600    i.HAL_UART_Transmit  stm32f1xx_hal_uart.o
    0x080022a6   0x080022a6   0x00000002   Code   RO         2603    i.HAL_UART_TxCpltCallback  stm32f1xx_hal_uart.o
    0x080022a8   0x080022a8   0x00000004   Code   RO          396    i.HardFault_Handler  stm32f1xx_it.o
    0x080022ac   0x080022ac   0x000000c0   Code   RO          185    i.MX_GPIO_Init      gpio.o
    0x0800236c   0x0800236c   0x000000d8   Code   RO          214    i.MX_TIM1_Init      tim.o
    0x08002444   0x08002444   0x000000a0   Code   RO          215    i.MX_TIM2_Init      tim.o
    0x080024e4   0x080024e4   0x0000007c   Code   RO          216    i.MX_TIM3_Init      tim.o
    0x08002560   0x08002560   0x0000007c   Code   RO          217    i.MX_TIM5_Init      tim.o
    0x080025dc   0x080025dc   0x0000004c   Code   RO          218    i.MX_TIM7_Init      tim.o
    0x08002628   0x08002628   0x000000e8   Code   RO          219    i.MX_TIM8_Init      tim.o
    0x08002710   0x08002710   0x00000038   Code   RO          301    i.MX_USART1_UART_Init  usart.o
    0x08002748   0x08002748   0x00000038   Code   RO          302    i.MX_USART3_UART_Init  usart.o
    0x08002780   0x08002780   0x00000004   Code   RO          397    i.MemManage_Handler  stm32f1xx_it.o
    0x08002784   0x08002784   0x00000054   Code   RO         3165    i.Motor_AntiExtraction  motor.o
    0x080027d8   0x080027d8   0x00000054   Code   RO         3166    i.Motor_Extraction  motor.o
    0x0800282c   0x0800282c   0x00000064   Code   RO         3167    i.Motor_PID_Control  motor.o
    0x08002890   0x08002890   0x0000001c   Code   RO         3168    i.Motor_init        motor.o
    0x080028ac   0x080028ac   0x00000004   Code   RO          398    i.NMI_Handler       stm32f1xx_it.o
    0x080028b0   0x080028b0   0x00000078   Code   RO         3110    i.PID_Realize       pid.o
    0x08002928   0x08002928   0x0000000c   Code   RO         3113    i.PID_TargetSet     pid.o
    0x08002934   0x08002934   0x0000000c   Code   RO         2997    i.PS2_AnologData    ps2.o
    0x08002940   0x08002940   0x00000018   Code   RO         2998    i.PS2_ClearData     ps2.o
    0x08002958   0x08002958   0x00000088   Code   RO         2999    i.PS2_Cmd           ps2.o
    0x080029e0   0x080029e0   0x000001d4   Code   RO         3000    i.PS2_Control       ps2.o
    0x08002bb4   0x08002bb4   0x00000054   Code   RO         3001    i.PS2_DataKey       ps2.o
    0x08002c08   0x08002c08   0x000000b0   Code   RO         3002    i.PS2_ReadData      ps2.o
    0x08002cb8   0x08002cb8   0x00000002   Code   RO          399    i.PendSV_Handler    stm32f1xx_it.o
    0x08002cba   0x08002cba   0x00000002   PAD
    0x08002cbc   0x08002cbc   0x00000028   Code   RO         1745    i.RCC_Delay         stm32f1xx_hal_rcc.o
    0x08002ce4   0x08002ce4   0x00000002   Code   RO          400    i.SVC_Handler       stm32f1xx_it.o
    0x08002ce6   0x08002ce6   0x00000002   PAD
    0x08002ce8   0x08002ce8   0x00000024   Code   RO         3257    i.Stepper_DOWN      stepper.o
    0x08002d0c   0x08002d0c   0x00000010   Code   RO         3258    i.Stepper_Disable   stepper.o
    0x08002d1c   0x08002d1c   0x00000020   Code   RO         3259    i.Stepper_UP        stepper.o
    0x08002d3c   0x08002d3c   0x00000020   Code   RO         3260    i.Stepper_init      stepper.o
    0x08002d5c   0x08002d5c   0x00000008   Code   RO          401    i.SysTick_Handler   stm32f1xx_it.o
    0x08002d64   0x08002d64   0x00000066   Code   RO           14    i.SystemClock_Config  main.o
    0x08002dca   0x08002dca   0x00000002   Code   RO         2931    i.SystemInit        system_stm32f1xx.o
    0x08002dcc   0x08002dcc   0x00000014   Code   RO          402    i.TIM3_IRQHandler   stm32f1xx_it.o
    0x08002de0   0x08002de0   0x00000014   Code   RO          403    i.TIM5_IRQHandler   stm32f1xx_it.o
    0x08002df4   0x08002df4   0x00000014   Code   RO          404    i.TIM7_IRQHandler   stm32f1xx_it.o
    0x08002e08   0x08002e08   0x0000009c   Code   RO          668    i.TIM_Base_SetConfig  stm32f1xx_hal_tim.o
    0x08002ea4   0x08002ea4   0x00000022   Code   RO          669    i.TIM_CCxChannelCmd  stm32f1xx_hal_tim.o
    0x08002ec6   0x08002ec6   0x00000016   Code   RO          679    i.TIM_ETR_SetConfig  stm32f1xx_hal_tim.o
    0x08002edc   0x08002edc   0x00000012   Code   RO          680    i.TIM_ITRx_SetConfig  stm32f1xx_hal_tim.o
    0x08002eee   0x08002eee   0x00000002   PAD
    0x08002ef0   0x08002ef0   0x00000070   Code   RO          681    i.TIM_OC1_SetConfig  stm32f1xx_hal_tim.o
    0x08002f60   0x08002f60   0x0000007c   Code   RO          682    i.TIM_OC2_SetConfig  stm32f1xx_hal_tim.o
    0x08002fdc   0x08002fdc   0x00000078   Code   RO          683    i.TIM_OC3_SetConfig  stm32f1xx_hal_tim.o
    0x08003054   0x08003054   0x00000054   Code   RO          684    i.TIM_OC4_SetConfig  stm32f1xx_hal_tim.o
    0x080030a8   0x080030a8   0x00000026   Code   RO          686    i.TIM_TI1_ConfigInputStage  stm32f1xx_hal_tim.o
    0x080030ce   0x080030ce   0x00000028   Code   RO          688    i.TIM_TI2_ConfigInputStage  stm32f1xx_hal_tim.o
    0x080030f6   0x080030f6   0x00000014   Code   RO         2605    i.UART_DMAAbortOnError  stm32f1xx_hal_uart.o
    0x0800310a   0x0800310a   0x00000036   Code   RO         2615    i.UART_EndRxTransfer  stm32f1xx_hal_uart.o
    0x08003140   0x08003140   0x00000020   Code   RO         2616    i.UART_EndTransmit_IT  stm32f1xx_hal_uart.o
    0x08003160   0x08003160   0x000000e4   Code   RO         2618    i.UART_Receive_IT   stm32f1xx_hal_uart.o
    0x08003244   0x08003244   0x000000fc   Code   RO         2619    i.UART_SetConfig    stm32f1xx_hal_uart.o
    0x08003340   0x08003340   0x00000046   Code   RO         2621    i.UART_Start_Receive_IT  stm32f1xx_hal_uart.o
    0x08003386   0x08003386   0x00000060   Code   RO         2622    i.UART_Transmit_IT  stm32f1xx_hal_uart.o
    0x080033e6   0x080033e6   0x0000006c   Code   RO         2623    i.UART_WaitOnFlagUntilTimeout  stm32f1xx_hal_uart.o
    0x08003452   0x08003452   0x00000002   PAD
    0x08003454   0x08003454   0x00000014   Code   RO          405    i.USART1_IRQHandler  stm32f1xx_it.o
    0x08003468   0x08003468   0x00000014   Code   RO          406    i.USART3_IRQHandler  stm32f1xx_it.o
    0x0800347c   0x0800347c   0x000000cc   Code   RO          303    i.USART_DataReceive  usart.o
    0x08003548   0x08003548   0x00000004   Code   RO          407    i.UsageFault_Handler  stm32f1xx_it.o
    0x0800354c   0x0800354c   0x00000070   Code   RO          304    i.Usart_DataShow    usart.o
    0x080035bc   0x080035bc   0x00000044   Code   RO          305    i.Usart_SendString  usart.o
    0x08003600   0x08003600   0x0000002c   Code   RO          306    i.Usart_init        usart.o
    0x0800362c   0x0800362c   0x00000020   Code   RO         3348    i.__0printf$1       mc_w.l(printf1.o)
    0x0800364c   0x0800364c   0x00000010   Code   RO         2050    i.__NVIC_GetPriorityGrouping  stm32f1xx_hal_cortex.o
    0x0800365c   0x0800365c   0x00000028   Code   RO         2051    i.__NVIC_SetPriority  stm32f1xx_hal_cortex.o
    0x08003684   0x08003684   0x0000000e   Code   RO         3620    i.__scatterload_copy  mc_w.l(handlers.o)
    0x08003692   0x08003692   0x00000002   Code   RO         3621    i.__scatterload_null  mc_w.l(handlers.o)
    0x08003694   0x08003694   0x0000000e   Code   RO         3622    i.__scatterload_zeroinit  mc_w.l(handlers.o)
    0x080036a2   0x080036a2   0x00000002   PAD
    0x080036a4   0x080036a4   0x00000154   Code   RO         3355    i._printf_core      mc_w.l(printf1.o)
    0x080037f8   0x080037f8   0x0000002c   Code   RO          308    i.fputc             usart.o
    0x08003824   0x08003824   0x00000044   Code   RO           15    i.main              main.o
    0x08003868   0x08003868   0x00000018   Data   RO         2932    .constdata          system_stm32f1xx.o
    0x08003880   0x08003880   0x00000020   Data   RO         3618    Region$$Table       anon$$obj.o


    Execution Region RW_IRAM1 (Exec base: 0x20000000, Load base: 0x080038a0, Size: 0x00000708, Max: 0x0000c000, ABSOLUTE)

    Exec Addr    Load Addr    Size         Type   Attr      Idx    E Section Name        Object

    0x20000000   0x080038a0   0x00000003   Data   RW          310    .data               usart.o
    0x20000003   0x080038a3   0x00000001   PAD
    0x20000004   0x080038a4   0x00000009   Data   RW         1582    .data               stm32f1xx_hal.o
    0x2000000d   0x080038ad   0x00000003   PAD
    0x20000010   0x080038b0   0x00000004   Data   RW         2933    .data               system_stm32f1xx.o
    0x20000014   0x080038b4   0x00000024   Data   RW         3005    .data               ps2.o
    0x20000038   0x080038d8   0x00000002   Data   RW         3076    .data               encoder.o
    0x2000003a   0x080038da   0x00000001   Data   RW         3169    .data               motor.o
    0x2000003b   0x080038db   0x00000001   PAD
    0x2000003c   0x080038dc   0x00000004   Data   RW         3592    .data               mc_w.l(stdout.o)
    0x20000040        -       0x000001b0   Zero   RW          220    .bss                tim.o
    0x200001f0        -       0x000000ec   Zero   RW          309    .bss                usart.o
    0x200002dc        -       0x00000009   Zero   RW         3004    .bss                ps2.o
    0x200002e5   0x080038e0   0x00000003   PAD
    0x200002e8        -       0x00000020   Zero   RW         3115    .bss                pid.o
    0x20000308        -       0x00000400   Zero   RW            1    STACK               startup_stm32f103xe.o


==============================================================================

Image component sizes


      Code (inc. data)   RO Data    RW Data    ZI Data      Debug   Object Name

        80          0          0          0          0        982   delay.o
        52         10          0          2          0        957   encoder.o
       200         34          0          0          0       2290   engine.o
       192         10          0          0          0        911   gpio.o
       176          0          0          0          0     487136   main.o
       296         64          0          1          0       2235   motor.o
       132         12          0          0         32       1160   pid.o
       900        186          0         36          9       4247   ps2.o
        36          8        304          0       1024        780   startup_stm32f103xe.o
       116         32          0          0          0       1705   stepper.o
       152         32          0          9          0       5733   stm32f1xx_hal.o
       304         22          0          0          0      29279   stm32f1xx_hal_cortex.o
       510         10          0          0          0       1823   stm32f1xx_hal_dma.o
       844         40          0          0          0       2624   stm32f1xx_hal_gpio.o
        84          8          0          0          0        846   stm32f1xx_hal_msp.o
      1784        110          0          0          0       5828   stm32f1xx_hal_rcc.o
      2376         80          0          0          0      16487   stm32f1xx_hal_tim.o
       276         22          0          0          0       3089   stm32f1xx_hal_tim_ex.o
      1866         10          0          0          0      12010   stm32f1xx_hal_uart.o
       134         22          0          0          0       5948   stm32f1xx_it.o
         2          0         24          4          0       1055   system_stm32f1xx.o
      1584        112          0          0        432       6523   tim.o
       888        112          0          3        236       6246   usart.o

    ----------------------------------------------------------------------
     13000        936        360         60       1736     599894   Object Totals
         0          0         32          0          0          0   (incl. Generated)
        16          0          0          5          3          0   (incl. Padding)

    ----------------------------------------------------------------------

      Code (inc. data)   RO Data    RW Data    ZI Data      Debug   Library Member Name

         0          0          0          0          0          0   entry.o
         0          0          0          0          0          0   entry10a.o
         0          0          0          0          0          0   entry11a.o
         4          0          0          0          0          0   entry12b.o
         8          4          0          0          0          0   entry2.o
         4          0          0          0          0          0   entry5.o
         0          0          0          0          0          0   entry7b.o
         0          0          0          0          0          0   entry8b.o
         8          4          0          0          0          0   entry9a.o
        30          0          0          0          0          0   handlers.o
        36          8          0          0          0         68   init.o
         0          0          0          0          0          0   iusefp.o
        36          0          0          0          0        108   memseta.o
       372         14          0          0          0        184   printf1.o
         0          0          0          4          0          0   stdout.o
        44          0          0          0          0         80   uidiv.o
        20          0          0          0          0         68   cfrcmple.o
       176          0          0          0          0        140   fadd.o
       124          0          0          0          0         88   fdiv.o
       110          0          0          0          0        168   fepilogue.o
        40          0          0          0          0         68   ffixui.o
        18          0          0          0          0         68   fflti.o
       100          0          0          0          0         76   fmul.o

    ----------------------------------------------------------------------
      1136         30          0          4          0       1116   Library Totals
         6          0          0          0          0          0   (incl. Padding)

    ----------------------------------------------------------------------

      Code (inc. data)   RO Data    RW Data    ZI Data      Debug   Library Name

       542         30          0          4          0        440   mc_w.l
       588          0          0          0          0        676   mf_w.l

    ----------------------------------------------------------------------
      1136         30          0          4          0       1116   Library Totals

    ----------------------------------------------------------------------

==============================================================================


      Code (inc. data)   RO Data    RW Data    ZI Data      Debug   

     14136        966        360         64       1736     594350   Grand Totals
     14136        966        360         64       1736     594350   ELF Image Totals
     14136        966        360         64          0          0   ROM Totals

==============================================================================

    Total RO  Size (Code + RO Data)                14496 (  14.16kB)
    Total RW  Size (RW Data + ZI Data)              1800 (   1.76kB)
    Total ROM Size (Code + RO Data + RW Data)      14560 (  14.22kB)

==============================================================================

